Archive member included to satisfy reference by file (symbol)

C:/ST/STM32CubeCLT_1.15.1/GNU-tools-for-STM32/bin/../lib/gcc/arm-none-eabi/12.3.1/../../../../arm-none-eabi/lib/thumb/v6-m/nofp\libc_nano.a(libc_a-exit.o)
                              C:/ST/STM32CubeCLT_1.15.1/GNU-tools-for-STM32/bin/../lib/gcc/arm-none-eabi/12.3.1/../../../../arm-none-eabi/lib/thumb/v6-m/nofp/crt0.o (exit)
C:/ST/STM32CubeCLT_1.15.1/GNU-tools-for-STM32/bin/../lib/gcc/arm-none-eabi/12.3.1/../../../../arm-none-eabi/lib/thumb/v6-m/nofp\libc_nano.a(libc_a-findfp.o)
                              C:/ST/STM32CubeCLT_1.15.1/GNU-tools-for-STM32/bin/../lib/gcc/arm-none-eabi/12.3.1/../../../../arm-none-eabi/lib/thumb/v6-m/nofp\libc_nano.a(libc_a-exit.o) (__stdio_exit_handler)
C:/ST/STM32CubeCLT_1.15.1/GNU-tools-for-STM32/bin/../lib/gcc/arm-none-eabi/12.3.1/../../../../arm-none-eabi/lib/thumb/v6-m/nofp\libc_nano.a(libc_a-fwalk.o)
                              C:/ST/STM32CubeCLT_1.15.1/GNU-tools-for-STM32/bin/../lib/gcc/arm-none-eabi/12.3.1/../../../../arm-none-eabi/lib/thumb/v6-m/nofp\libc_nano.a(libc_a-findfp.o) (_fwalk_sglue)
C:/ST/STM32CubeCLT_1.15.1/GNU-tools-for-STM32/bin/../lib/gcc/arm-none-eabi/12.3.1/../../../../arm-none-eabi/lib/thumb/v6-m/nofp\libc_nano.a(libc_a-stdio.o)
                              C:/ST/STM32CubeCLT_1.15.1/GNU-tools-for-STM32/bin/../lib/gcc/arm-none-eabi/12.3.1/../../../../arm-none-eabi/lib/thumb/v6-m/nofp\libc_nano.a(libc_a-findfp.o) (__sread)
C:/ST/STM32CubeCLT_1.15.1/GNU-tools-for-STM32/bin/../lib/gcc/arm-none-eabi/12.3.1/../../../../arm-none-eabi/lib/thumb/v6-m/nofp\libc_nano.a(libc_a-memset.o)
                              C:/ST/STM32CubeCLT_1.15.1/GNU-tools-for-STM32/bin/../lib/gcc/arm-none-eabi/12.3.1/../../../../arm-none-eabi/lib/thumb/v6-m/nofp/crt0.o (memset)
C:/ST/STM32CubeCLT_1.15.1/GNU-tools-for-STM32/bin/../lib/gcc/arm-none-eabi/12.3.1/../../../../arm-none-eabi/lib/thumb/v6-m/nofp\libc_nano.a(libc_a-closer.o)
                              C:/ST/STM32CubeCLT_1.15.1/GNU-tools-for-STM32/bin/../lib/gcc/arm-none-eabi/12.3.1/../../../../arm-none-eabi/lib/thumb/v6-m/nofp\libc_nano.a(libc_a-stdio.o) (_close_r)
C:/ST/STM32CubeCLT_1.15.1/GNU-tools-for-STM32/bin/../lib/gcc/arm-none-eabi/12.3.1/../../../../arm-none-eabi/lib/thumb/v6-m/nofp\libc_nano.a(libc_a-reent.o)
                              C:/ST/STM32CubeCLT_1.15.1/GNU-tools-for-STM32/bin/../lib/gcc/arm-none-eabi/12.3.1/../../../../arm-none-eabi/lib/thumb/v6-m/nofp\libc_nano.a(libc_a-closer.o) (errno)
C:/ST/STM32CubeCLT_1.15.1/GNU-tools-for-STM32/bin/../lib/gcc/arm-none-eabi/12.3.1/../../../../arm-none-eabi/lib/thumb/v6-m/nofp\libc_nano.a(libc_a-impure.o)
                              C:/ST/STM32CubeCLT_1.15.1/GNU-tools-for-STM32/bin/../lib/gcc/arm-none-eabi/12.3.1/../../../../arm-none-eabi/lib/thumb/v6-m/nofp\libc_nano.a(libc_a-reent.o) (_impure_ptr)
C:/ST/STM32CubeCLT_1.15.1/GNU-tools-for-STM32/bin/../lib/gcc/arm-none-eabi/12.3.1/../../../../arm-none-eabi/lib/thumb/v6-m/nofp\libc_nano.a(libc_a-lseekr.o)
                              C:/ST/STM32CubeCLT_1.15.1/GNU-tools-for-STM32/bin/../lib/gcc/arm-none-eabi/12.3.1/../../../../arm-none-eabi/lib/thumb/v6-m/nofp\libc_nano.a(libc_a-stdio.o) (_lseek_r)
C:/ST/STM32CubeCLT_1.15.1/GNU-tools-for-STM32/bin/../lib/gcc/arm-none-eabi/12.3.1/../../../../arm-none-eabi/lib/thumb/v6-m/nofp\libc_nano.a(libc_a-readr.o)
                              C:/ST/STM32CubeCLT_1.15.1/GNU-tools-for-STM32/bin/../lib/gcc/arm-none-eabi/12.3.1/../../../../arm-none-eabi/lib/thumb/v6-m/nofp\libc_nano.a(libc_a-stdio.o) (_read_r)
C:/ST/STM32CubeCLT_1.15.1/GNU-tools-for-STM32/bin/../lib/gcc/arm-none-eabi/12.3.1/../../../../arm-none-eabi/lib/thumb/v6-m/nofp\libc_nano.a(libc_a-writer.o)
                              C:/ST/STM32CubeCLT_1.15.1/GNU-tools-for-STM32/bin/../lib/gcc/arm-none-eabi/12.3.1/../../../../arm-none-eabi/lib/thumb/v6-m/nofp\libc_nano.a(libc_a-stdio.o) (_write_r)
C:/ST/STM32CubeCLT_1.15.1/GNU-tools-for-STM32/bin/../lib/gcc/arm-none-eabi/12.3.1/../../../../arm-none-eabi/lib/thumb/v6-m/nofp\libc_nano.a(libc_a-init.o)
                              C:/ST/STM32CubeCLT_1.15.1/GNU-tools-for-STM32/bin/../lib/gcc/arm-none-eabi/12.3.1/../../../../arm-none-eabi/lib/thumb/v6-m/nofp/crt0.o (__libc_init_array)
C:/ST/STM32CubeCLT_1.15.1/GNU-tools-for-STM32/bin/../lib/gcc/arm-none-eabi/12.3.1/../../../../arm-none-eabi/lib/thumb/v6-m/nofp\libc_nano.a(libc_a-lock.o)
                              C:/ST/STM32CubeCLT_1.15.1/GNU-tools-for-STM32/bin/../lib/gcc/arm-none-eabi/12.3.1/../../../../arm-none-eabi/lib/thumb/v6-m/nofp\libc_nano.a(libc_a-findfp.o) (__retarget_lock_init_recursive)
C:/ST/STM32CubeCLT_1.15.1/GNU-tools-for-STM32/bin/../lib/gcc/arm-none-eabi/12.3.1/../../../../arm-none-eabi/lib/thumb/v6-m/nofp\libc_nano.a(libc_a-freer.o)
                              C:/ST/STM32CubeCLT_1.15.1/GNU-tools-for-STM32/bin/../lib/gcc/arm-none-eabi/12.3.1/../../../../arm-none-eabi/lib/thumb/v6-m/nofp\libc_nano.a(libc_a-reent.o) (_free_r)
[...]
Memory Configuration

Name             Origin             Length             Attributes
RAM              0x20000000         0x00004000         xrw
FLASH            0x08000000         0x00020000         xr
*default*        0x00000000         0xffffffff

Linker script and memory map

LOAD C:/ST/STM32CubeCLT_1.15.1/GNU-tools-for-STM32/bin/../lib/gcc/arm-none-eabi/12.3.1/thumb/v6-m/nofp/crti.o
LOAD C:/ST/STM32CubeCLT_1.15.1/GNU-tools-for-STM32/bin/../lib/gcc/arm-none-eabi/12.3.1/thumb/v6-m/nofp/crtbegin.o
LOAD C:/ST/STM32CubeCLT_1.15.1/GNU-tools-for-STM32/bin/../lib/gcc/arm-none-eabi/12.3.1/../../../../arm-none-eabi/lib/thumb/v6-m/nofp/crt0.o
START GROUP
LOAD C:/ST/STM32CubeCLT_1.15.1/GNU-tools-for-STM32/bin/../lib/gcc/arm-none-eabi/12.3.1/../../../../arm-none-eabi/lib/thumb/v6-m/nofp\libc_nano.a
LOAD C:/ST/STM32CubeCLT_1.15.1/GNU-tools-for-STM32/bin/../lib/gcc/arm-none-eabi/12.3.1/../../../../arm-none-eabi/lib/thumb/v6-m/nofp\libm.a
END GROUP
LOAD CMakeFiles/STM32F071CBT7TR.dir/Core/Src/main.c.obj
LOAD CMakeFiles/STM32F071CBT7TR.dir/Core/Src/gpio.c.obj
LOAD CMakeFiles/STM32F071CBT7TR.dir/Core/Src/adc.c.obj
LOAD CMakeFiles/STM32F071CBT7TR.dir/Core/Src/dma.c.obj
LOAD CMakeFiles/STM32F071CBT7TR.dir/Core/Src/i2c.c.obj
LOAD CMakeFiles/STM32F071CBT7TR.dir/Core/Src/tim.c.obj
LOAD CMakeFiles/STM32F071CBT7TR.dir/Core/Src/usart.c.obj
LOAD CMakeFiles/STM32F071CBT7TR.dir/Core/Src/stm32f0xx_it.c.obj
LOAD CMakeFiles/STM32F071CBT7TR.dir/Core/Src/stm32f0xx_hal_msp.c.obj
LOAD CMakeFiles/STM32F071CBT7TR.dir/Drivers/STM32F0xx_HAL_Driver/Src/stm32f0xx_hal_adc.c.obj
LOAD CMakeFiles/STM32F071CBT7TR.dir/Drivers/STM32F0xx_HAL_Driver/Src/stm32f0xx_hal_adc_ex.c.obj
LOAD CMakeFiles/STM32F071CBT7TR.dir/Drivers/STM32F0xx_HAL_Driver/Src/stm32f0xx_hal_rcc.c.obj
LOAD CMakeFiles/STM32F071CBT7TR.dir/Drivers/STM32F0xx_HAL_Driver/Src/stm32f0xx_hal_rcc_ex.c.obj
LOAD CMakeFiles/STM32F071CBT7TR.dir/Drivers/STM32F0xx_HAL_Driver/Src/stm32f0xx_hal.c.obj
LOAD CMakeFiles/STM32F071CBT7TR.dir/Drivers/STM32F0xx_HAL_Driver/Src/stm32f0xx_hal_i2c.c.obj
LOAD CMakeFiles/STM32F071CBT7TR.dir/Drivers/STM32F0xx_HAL_Driver/Src/stm32f0xx_hal_i2c_ex.c.obj
LOAD CMakeFiles/STM32F071CBT7TR.dir/Drivers/STM32F0xx_HAL_Driver/Src/stm32f0xx_hal_gpio.c.obj
LOAD CMakeFiles/STM32F071CBT7TR.dir/Drivers/STM32F0xx_HAL_Driver/Src/stm32f0xx_hal_dma.c.obj
LOAD CMakeFiles/STM32F071CBT7TR.dir/Drivers/STM32F0xx_HAL_Driver/Src/stm32f0xx_hal_cortex.c.obj
LOAD CMakeFiles/STM32F071CBT7TR.dir/Drivers/STM32F0xx_HAL_Driver/Src/stm32f0xx_hal_pwr.c.obj
LOAD CMakeFiles/STM32F071CBT7TR.dir/Drivers/STM32F0xx_HAL_Driver/Src/stm32f0xx_hal_pwr_ex.c.obj
LOAD CMakeFiles/STM32F071CBT7TR.dir/Drivers/STM32F0xx_HAL_Driver/Src/stm32f0xx_hal_flash.c.obj
LOAD CMakeFiles/STM32F071CBT7TR.dir/Drivers/STM32F0xx_HAL_Driver/Src/stm32f0xx_hal_flash_ex.c.obj
LOAD CMakeFiles/STM32F071CBT7TR.dir/Drivers/STM32F0xx_HAL_Driver/Src/stm32f0xx_hal_exti.c.obj
LOAD CMakeFiles/STM32F071CBT7TR.dir/Drivers/STM32F0xx_HAL_Driver/Src/stm32f0xx_hal_tim.c.obj
LOAD CMakeFiles/STM32F071CBT7TR.dir/Drivers/STM32F0xx_HAL_Driver/Src/stm32f0xx_hal_tim_ex.c.obj
LOAD CMakeFiles/STM32F071CBT7TR.dir/Drivers/STM32F0xx_HAL_Driver/Src/stm32f0xx_hal_uart.c.obj
LOAD CMakeFiles/STM32F071CBT7TR.dir/Drivers/STM32F0xx_HAL_Driver/Src/stm32f0xx_hal_uart_ex.c.obj
LOAD CMakeFiles/STM32F071CBT7TR.dir/Core/Src/system_stm32f0xx.c.obj
LOAD CMakeFiles/STM32F071CBT7TR.dir/Core/Src/sysmem.c.obj
LOAD CMakeFiles/STM32F071CBT7TR.dir/Core/Src/syscalls.c.obj
LOAD CMakeFiles/STM32F071CBT7TR.dir/startup_stm32f071xb.s.obj
START GROUP
LOAD C:/ST/STM32CubeCLT_1.15.1/GNU-tools-for-STM32/bin/../lib/gcc/arm-none-eabi/12.3.1/thumb/v6-m/nofp\libgcc.a
LOAD C:/ST/STM32CubeCLT_1.15.1/GNU-tools-for-STM32/bin/../lib/gcc/arm-none-eabi/12.3.1/../../../../arm-none-eabi/lib/thumb/v6-m/nofp\libg_nano.a
LOAD C:/ST/STM32CubeCLT_1.15.1/GNU-tools-for-STM32/bin/../lib/gcc/arm-none-eabi/12.3.1/../../../../arm-none-eabi/lib/thumb/v6-m/nofp\libc_nano.a
END GROUP
START GROUP
LOAD C:/ST/STM32CubeCLT_1.15.1/GNU-tools-for-STM32/bin/../lib/gcc/arm-none-eabi/12.3.1/thumb/v6-m/nofp\libgcc.a
LOAD C:/ST/STM32CubeCLT_1.15.1/GNU-tools-for-STM32/bin/../lib/gcc/arm-none-eabi/12.3.1/../../../../arm-none-eabi/lib/thumb/v6-m/nofp\libc_nano.a
END GROUP
LOAD C:/ST/STM32CubeCLT_1.15.1/GNU-tools-for-STM32/bin/../lib/gcc/arm-none-eabi/12.3.1/thumb/v6-m/nofp/crtend.o
LOAD C:/ST/STM32CubeCLT_1.15.1/GNU-tools-for-STM32/bin/../lib/gcc/arm-none-eabi/12.3.1/thumb/v6-m/nofp/crtn.o
                0x20004000                        _estack = (ORIGIN (RAM) + LENGTH (RAM))
                0x00000200                        _Min_Heap_Size = 0x200
                0x00000400                        _Min_Stack_Size = 0x400

.isr_vector     0x08000000       0xc0
                0x08000000                        . = ALIGN (0x4)
 *(.isr_vector)
 .isr_vector    0x08000000       0xc0 CMakeFiles/STM32F071CBT7TR.dir/startup_stm32f071xb.s.obj
                0x08000000                g_pfnVectors
                0x080000c0                        . = ALIGN (0x4)

.text           0x080000c0     0x9640
                0x080000c0                        . = ALIGN (0x4)
 *(.text)
 .text          0x080000c0       0x48 C:/ST/STM32CubeCLT_1.15.1/GNU-tools-for-STM32/bin/../lib/gcc/arm-none-eabi/12.3.1/thumb/v6-m/nofp/crtbegin.o
 .text          0x08000108      0x114 C:/ST/STM32CubeCLT_1.15.1/GNU-tools-for-STM32/bin/../lib/gcc/arm-none-eabi/12.3.1/thumb/v6-m/nofp\libgcc.a(_udivsi3.o)
                0x08000108                __aeabi_uidiv
                0x08000108                __udivsi3
                0x08000214                __aeabi_uidivmod
 .text          0x0800021c      0x1d4 C:/ST/STM32CubeCLT_1.15.1/GNU-tools-for-STM32/bin/../lib/gcc/arm-none-eabi/12.3.1/thumb/v6-m/nofp\libgcc.a(_divsi3.o)
                0x0800021c                __divsi3
                0x0800021c                __aeabi_idiv
                0x080003e8                __aeabi_idivmod
 .text          0x080003f0        0x4 C:/ST/STM32CubeCLT_1.15.1/GNU-tools-for-STM32/bin/../lib/gcc/arm-none-eabi/12.3.1/thumb/v6-m/nofp\libgcc.a(_dvmd_tls.o)
                0x080003f0                __aeabi_idiv0
                0x080003f0                __aeabi_ldiv0
 .text          0x080003f4        0xe C:/ST/STM32CubeCLT_1.15.1/GNU-tools-for-STM32/bin/../lib/gcc/arm-none-eabi/12.3.1/../../../../arm-none-eabi/lib/thumb/v6-m/nofp\libg_nano.a(libc_a-strlen.o)
                0x080003f4                strlen
 *fill*         0x08000402        0x2 
 .text          0x08000404       0x14 C:/ST/STM32CubeCLT_1.15.1/GNU-tools-for-STM32/bin/../lib/gcc/arm-none-eabi/12.3.1/thumb/v6-m/nofp\libgcc.a(_thumb1_case_shi.o)
                0x08000404                __gnu_thumb1_case_shi
 *(.text*)
 .text.std      0x08000418       0x6c C:/ST/STM32CubeCLT_1.15.1/GNU-tools-for-STM32/bin/../lib/gcc/arm-none-eabi/12.3.1/../../../../arm-none-eabi/lib/thumb/v6-m/nofp\libc_nano.a(libc_a-findfp.o)
 .text.stdio_exit_handler
                0x08000484       0x1c C:/ST/STM32CubeCLT_1.15.1/GNU-tools-for-STM32/bin/../lib/gcc/arm-none-eabi/12.3.1/../../../../arm-none-eabi/lib/thumb/v6-m/nofp\libc_nano.a(libc_a-findfp.o)
 .text.cleanup_stdio
                0x080004a0       0x3c C:/ST/STM32CubeCLT_1.15.1/GNU-tools-for-STM32/bin/../lib/gcc/arm-none-eabi/12.3.1/../../../../arm-none-eabi/lib/thumb/v6-m/nofp\libc_nano.a(libc_a-findfp.o)
 .text.global_stdio_init.part.0
                0x080004dc       0x3c C:/ST/STM32CubeCLT_1.15.1/GNU-tools-for-STM32/bin/../lib/gcc/arm-none-eabi/12.3.1/../../../../arm-none-eabi/lib/thumb/v6-m/nofp\libc_nano.a(libc_a-findfp.o)
 .text.__sfp_lock_acquire
                0x08000518       0x10 C:/ST/STM32CubeCLT_1.15.1/GNU-tools-for-STM32/bin/../lib/gcc/arm-none-eabi/12.3.1/../../../../arm-none-eabi/lib/thumb/v6-m/nofp\libc_nano.a(libc_a-findfp.o)
                0x08000518                __sfp_lock_acquire
 .text.__sfp_lock_release
                0x08000528       0x10 C:/ST/STM32CubeCLT_1.15.1/GNU-tools-for-STM32/bin/../lib/gcc/arm-none-eabi/12.3.1/../../../../arm-none-eabi/lib/thumb/v6-m/nofp\libc_nano.a(libc_a-findfp.o)
                0x08000528                __sfp_lock_release
 .text.__sinit  0x08000538       0x30 C:/ST/STM32CubeCLT_1.15.1/GNU-tools-for-STM32/bin/../lib/gcc/arm-none-eabi/12.3.1/../../../../arm-none-eabi/lib/thumb/v6-m/nofp\libc_nano.a(libc_a-findfp.o)
                0x08000538                __sinit
 .text._fwalk_sglue
                0x08000568       0x38 C:/ST/STM32CubeCLT_1.15.1/GNU-tools-for-STM32/bin/../lib/gcc/arm-none-eabi/12.3.1/../../../../arm-none-eabi/lib/thumb/v6-m/nofp\libc_nano.a(libc_a-fwalk.o)
                0x08000568                _fwalk_sglue
 .text.__sread  0x080005a0       0x28 C:/ST/STM32CubeCLT_1.15.1/GNU-tools-for-STM32/bin/../lib/gcc/arm-none-eabi/12.3.1/../../../../arm-none-eabi/lib/thumb/v6-m/nofp\libc_nano.a(libc_a-stdio.o)
                0x080005a0                __sread
 .text.__swrite
                0x080005c8       0x38 C:/ST/STM32CubeCLT_1.15.1/GNU-tools-for-STM32/bin/../lib/gcc/arm-none-eabi/12.3.1/../../../../arm-none-eabi/lib/thumb/v6-m/nofp\libc_nano.a(libc_a-stdio.o)
                0x080005c8                __swrite
 .text.__sseek  0x08000600       0x2c C:/ST/STM32CubeCLT_1.15.1/GNU-tools-for-STM32/bin/../lib/gcc/arm-none-eabi/12.3.1/../../../../arm-none-eabi/lib/thumb/v6-m/nofp\libc_nano.a(libc_a-stdio.o)
                0x08000600                __sseek
 .text.__sclose
                0x0800062c        0xc C:/ST/STM32CubeCLT_1.15.1/GNU-tools-for-STM32/bin/../lib/gcc/arm-none-eabi/12.3.1/../../../../arm-none-eabi/lib/thumb/v6-m/nofp\libc_nano.a(libc_a-stdio.o)
                0x0800062c                __sclose
 .text.memset   0x08000638       0x10 C:/ST/STM32CubeCLT_1.15.1/GNU-tools-for-STM32/bin/../lib/gcc/arm-none-eabi/12.3.1/../../../../arm-none-eabi/lib/thumb/v6-m/nofp\libc_nano.a(libc_a-memset.o)
                0x08000638                memset
 .text._close_r
                0x08000648       0x24 C:/ST/STM32CubeCLT_1.15.1/GNU-tools-for-STM32/bin/../lib/gcc/arm-none-eabi/12.3.1/../../../../arm-none-eabi/lib/thumb/v6-m/nofp\libc_nano.a(libc_a-closer.o)
                0x08000648                _close_r
 .text._lseek_r
                0x0800066c       0x28 C:/ST/STM32CubeCLT_1.15.1/GNU-tools-for-STM32/bin/../lib/gcc/arm-none-eabi/12.3.1/../../../../arm-none-eabi/lib/thumb/v6-m/nofp\libc_nano.a(libc_a-lseekr.o)
                0x0800066c                _lseek_r
 .text._read_r  0x08000694       0x28 C:/ST/STM32CubeCLT_1.15.1/GNU-tools-for-STM32/bin/../lib/gcc/arm-none-eabi/12.3.1/../../../../arm-none-eabi/lib/thumb/v6-m/nofp\libc_nano.a(libc_a-readr.o)
                0x08000694                _read_r
 .text._write_r
                0x080006bc       0x28 C:/ST/STM32CubeCLT_1.15.1/GNU-tools-for-STM32/bin/../lib/gcc/arm-none-eabi/12.3.1/../../../../arm-none-eabi/lib/thumb/v6-m/nofp\libc_nano.a(libc_a-writer.o)
                0x080006bc                _write_r
 .text.__libc_init_array
                0x080006e4       0x48 C:/ST/STM32CubeCLT_1.15.1/GNU-tools-for-STM32/bin/../lib/gcc/arm-none-eabi/12.3.1/../../../../arm-none-eabi/lib/thumb/v6-m/nofp\libc_nano.a(libc_a-init.o)
                0x080006e4                __libc_init_array
 .text.__retarget_lock_init_recursive
                0x0800072c        0x2 C:/ST/STM32CubeCLT_1.15.1/GNU-tools-for-STM32/bin/../lib/gcc/arm-none-eabi/12.3.1/../../../../arm-none-eabi/lib/thumb/v6-m/nofp\libc_nano.a(libc_a-lock.o)
                0x0800072c                __retarget_lock_init_recursive
 .text.__retarget_lock_acquire_recursive
                0x0800072e        0x2 C:/ST/STM32CubeCLT_1.15.1/GNU-tools-for-STM32/bin/../lib/gcc/arm-none-eabi/12.3.1/../../../../arm-none-eabi/lib/thumb/v6-m/nofp\libc_nano.a(libc_a-lock.o)
                0x0800072e                __retarget_lock_acquire_recursive
 .text.__retarget_lock_release_recursive
                0x08000730        0x2 C:/ST/STM32CubeCLT_1.15.1/GNU-tools-for-STM32/bin/../lib/gcc/arm-none-eabi/12.3.1/../../../../arm-none-eabi/lib/thumb/v6-m/nofp\libc_nano.a(libc_a-lock.o)
                0x08000730                __retarget_lock_release_recursive
 *fill*         0x08000732        0x2 
 .text._free_r  0x08000734       0x94 C:/ST/STM32CubeCLT_1.15.1/GNU-tools-for-STM32/bin/../lib/gcc/arm-none-eabi/12.3.1/../../../../arm-none-eabi/lib/thumb/v6-m/nofp\libc_nano.a(libc_a-freer.o)
                0x08000734                _free_r
 .text.sbrk_aligned
                0x080007c8       0x44 C:/ST/STM32CubeCLT_1.15.1/GNU-tools-for-STM32/bin/../lib/gcc/arm-none-eabi/12.3.1/../../../../arm-none-eabi/lib/thumb/v6-m/nofp\libc_nano.a(libc_a-mallocr.o)
 .text._malloc_r
                0x0800080c      0x100 C:/ST/STM32CubeCLT_1.15.1/GNU-tools-for-STM32/bin/../lib/gcc/arm-none-eabi/12.3.1/../../../../arm-none-eabi/lib/thumb/v6-m/nofp\libc_nano.a(libc_a-mallocr.o)
                0x0800080c                _malloc_r
 .text.__malloc_lock
                0x0800090c       0x10 C:/ST/STM32CubeCLT_1.15.1/GNU-tools-for-STM32/bin/../lib/gcc/arm-none-eabi/12.3.1/../../../../arm-none-eabi/lib/thumb/v6-m/nofp\libc_nano.a(libc_a-mlock.o)
                0x0800090c                __malloc_lock
 .text.__malloc_unlock
                0x0800091c       0x10 C:/ST/STM32CubeCLT_1.15.1/GNU-tools-for-STM32/bin/../lib/gcc/arm-none-eabi/12.3.1/../../../../arm-none-eabi/lib/thumb/v6-m/nofp\libc_nano.a(libc_a-mlock.o)
                0x0800091c                __malloc_unlock
 .text.__sflush_r
                0x0800092c      0x10c C:/ST/STM32CubeCLT_1.15.1/GNU-tools-for-STM32/bin/../lib/gcc/arm-none-eabi/12.3.1/../../../../arm-none-eabi/lib/thumb/v6-m/nofp\libc_nano.a(libc_a-fflush.o)
                0x0800092c                __sflush_r
 .text._fflush_r
                0x08000a38       0x56 C:/ST/STM32CubeCLT_1.15.1/GNU-tools-for-STM32/bin/../lib/gcc/arm-none-eabi/12.3.1/../../../../arm-none-eabi/lib/thumb/v6-m/nofp\libc_nano.a(libc_a-fflush.o)
                0x08000a38                _fflush_r
 *fill*         0x08000a8e        0x2 
 .text._sbrk_r  0x08000a90       0x24 C:/ST/STM32CubeCLT_1.15.1/GNU-tools-for-STM32/bin/../lib/gcc/arm-none-eabi/12.3.1/../../../../arm-none-eabi/lib/thumb/v6-m/nofp\libc_nano.a(libc_a-sbrkr.o)
                0x08000a90                _sbrk_r
 .text.main     0x08000ab4      0x678 CMakeFiles/STM32F071CBT7TR.dir/Core/Src/main.c.obj
                0x08000ab4                main
 .text.SystemClock_Config
                0x0800112c       0xe2 CMakeFiles/STM32F071CBT7TR.dir/Core/Src/main.c.obj
                0x0800112c                SystemClock_Config
 *fill*         0x0800120e        0x2 
 .text.HAL_TIM_PeriodElapsedCallback
                0x08001210       0x94 CMakeFiles/STM32F071CBT7TR.dir/Core/Src/main.c.obj
                0x08001210                HAL_TIM_PeriodElapsedCallback
 .text.HAL_UART_RxCpltCallback
                0x080012a4      0x580 CMakeFiles/STM32F071CBT7TR.dir/Core/Src/main.c.obj
                0x080012a4                HAL_UART_RxCpltCallback
 .text.HAL_UART_TxCpltCallback
                0x08001824       0x38 CMakeFiles/STM32F071CBT7TR.dir/Core/Src/main.c.obj
                0x08001824                HAL_UART_TxCpltCallback
 .text.Read_Sensor_ID
                0x0800185c       0x6c CMakeFiles/STM32F071CBT7TR.dir/Core/Src/main.c.obj
                0x0800185c                Read_Sensor_ID
 .text.Error_Handler
                0x080018c8        0xc CMakeFiles/STM32F071CBT7TR.dir/Core/Src/main.c.obj
                0x080018c8                Error_Handler
 .text.assert_failed
                0x080018d4       0x24 CMakeFiles/STM32F071CBT7TR.dir/Core/Src/main.c.obj
                0x080018d4                assert_failed
 .text.MX_GPIO_Init
                0x080018f8       0x84 CMakeFiles/STM32F071CBT7TR.dir/Core/Src/gpio.c.obj
                0x080018f8                MX_GPIO_Init
 .text.MX_ADC_Init
                0x0800197c      0x104 CMakeFiles/STM32F071CBT7TR.dir/Core/Src/adc.c.obj
                0x0800197c                MX_ADC_Init
 .text.HAL_ADC_MspInit
                0x08001a80      0x120 CMakeFiles/STM32F071CBT7TR.dir/Core/Src/adc.c.obj
                0x08001a80                HAL_ADC_MspInit
 .text.MX_DMA_Init
                0x08001ba0       0x5c CMakeFiles/STM32F071CBT7TR.dir/Core/Src/dma.c.obj
                0x08001ba0                MX_DMA_Init
 .text.MX_I2C1_Init
                0x08001bfc       0x80 CMakeFiles/STM32F071CBT7TR.dir/Core/Src/i2c.c.obj
                0x08001bfc                MX_I2C1_Init
 .text.HAL_I2C_MspInit
                0x08001c7c       0x9c CMakeFiles/STM32F071CBT7TR.dir/Core/Src/i2c.c.obj
                0x08001c7c                HAL_I2C_MspInit
 .text.MX_TIM3_Init
                0x08001d18       0xac CMakeFiles/STM32F071CBT7TR.dir/Core/Src/tim.c.obj
                0x08001d18                MX_TIM3_Init
 .text.HAL_TIM_Base_MspInit
                0x08001dc4       0x4c CMakeFiles/STM32F071CBT7TR.dir/Core/Src/tim.c.obj
                0x08001dc4                HAL_TIM_Base_MspInit
 .text.MX_USART1_UART_Init
                0x08001e10       0x60 CMakeFiles/STM32F071CBT7TR.dir/Core/Src/usart.c.obj
                0x08001e10                MX_USART1_UART_Init
 .text.MX_USART2_UART_Init
                0x08001e70       0x60 CMakeFiles/STM32F071CBT7TR.dir/Core/Src/usart.c.obj
                0x08001e70                MX_USART2_UART_Init
 .text.MX_USART4_UART_Init
                0x08001ed0       0x64 CMakeFiles/STM32F071CBT7TR.dir/Core/Src/usart.c.obj
                0x08001ed0                MX_USART4_UART_Init
 .text.HAL_UART_MspInit
                0x08001f34      0x2e4 CMakeFiles/STM32F071CBT7TR.dir/Core/Src/usart.c.obj
                0x08001f34                HAL_UART_MspInit
 .text.NMI_Handler
                0x08002218        0x8 CMakeFiles/STM32F071CBT7TR.dir/Core/Src/stm32f0xx_it.c.obj
                0x08002218                NMI_Handler
 .text.HardFault_Handler
                0x08002220        0x8 CMakeFiles/STM32F071CBT7TR.dir/Core/Src/stm32f0xx_it.c.obj
                0x08002220                HardFault_Handler
 .text.SVC_Handler
                0x08002228        0xa CMakeFiles/STM32F071CBT7TR.dir/Core/Src/stm32f0xx_it.c.obj
                0x08002228                SVC_Handler
 .text.PendSV_Handler
                0x08002232        0xa CMakeFiles/STM32F071CBT7TR.dir/Core/Src/stm32f0xx_it.c.obj
                0x08002232                PendSV_Handler
 .text.SysTick_Handler
                0x0800223c        0xe CMakeFiles/STM32F071CBT7TR.dir/Core/Src/stm32f0xx_it.c.obj
                0x0800223c                SysTick_Handler
 *fill*         0x0800224a        0x2 
 .text.DMA1_Channel1_IRQHandler
                0x0800224c       0x18 CMakeFiles/STM32F071CBT7TR.dir/Core/Src/stm32f0xx_it.c.obj
                0x0800224c                DMA1_Channel1_IRQHandler
 .text.DMA1_Channel2_3_IRQHandler
                0x08002264       0x18 CMakeFiles/STM32F071CBT7TR.dir/Core/Src/stm32f0xx_it.c.obj
                0x08002264                DMA1_Channel2_3_IRQHandler
 .text.DMA1_Channel4_5_6_7_IRQHandler
                0x0800227c       0x24 CMakeFiles/STM32F071CBT7TR.dir/Core/Src/stm32f0xx_it.c.obj
                0x0800227c                DMA1_Channel4_5_6_7_IRQHandler
 .text.TIM3_IRQHandler
                0x080022a0       0x18 CMakeFiles/STM32F071CBT7TR.dir/Core/Src/stm32f0xx_it.c.obj
                0x080022a0                TIM3_IRQHandler
 .text.USART1_IRQHandler
                0x080022b8       0x18 CMakeFiles/STM32F071CBT7TR.dir/Core/Src/stm32f0xx_it.c.obj
                0x080022b8                USART1_IRQHandler
 .text.USART2_IRQHandler
                0x080022d0       0x18 CMakeFiles/STM32F071CBT7TR.dir/Core/Src/stm32f0xx_it.c.obj
                0x080022d0                USART2_IRQHandler
 .text.USART3_4_IRQHandler
                0x080022e8       0x18 CMakeFiles/STM32F071CBT7TR.dir/Core/Src/stm32f0xx_it.c.obj
                0x080022e8                USART3_4_IRQHandler
 .text.HAL_MspInit
                0x08002300       0x48 CMakeFiles/STM32F071CBT7TR.dir/Core/Src/stm32f0xx_hal_msp.c.obj
                0x08002300                HAL_MspInit
 .text.HAL_ADC_Init
                0x08002348      0x49c CMakeFiles/STM32F071CBT7TR.dir/Drivers/STM32F0xx_HAL_Driver/Src/stm32f0xx_hal_adc.c.obj
                0x08002348                HAL_ADC_Init
 .text.HAL_ADC_Start_DMA
                0x080027e4      0x124 CMakeFiles/STM32F071CBT7TR.dir/Drivers/STM32F0xx_HAL_Driver/Src/stm32f0xx_hal_adc.c.obj
                0x080027e4                HAL_ADC_Start_DMA
 .text.HAL_ADC_ConvCpltCallback
                0x08002908       0x10 CMakeFiles/STM32F071CBT7TR.dir/Drivers/STM32F0xx_HAL_Driver/Src/stm32f0xx_hal_adc.c.obj
                0x08002908                HAL_ADC_ConvCpltCallback
 .text.HAL_ADC_ConvHalfCpltCallback
                0x08002918       0x10 CMakeFiles/STM32F071CBT7TR.dir/Drivers/STM32F0xx_HAL_Driver/Src/stm32f0xx_hal_adc.c.obj
                0x08002918                HAL_ADC_ConvHalfCpltCallback
 .text.HAL_ADC_ErrorCallback
                0x08002928       0x10 CMakeFiles/STM32F071CBT7TR.dir/Drivers/STM32F0xx_HAL_Driver/Src/stm32f0xx_hal_adc.c.obj
                0x08002928                HAL_ADC_ErrorCallback
 .text.HAL_ADC_ConfigChannel
                0x08002938      0x378 CMakeFiles/STM32F071CBT7TR.dir/Drivers/STM32F0xx_HAL_Driver/Src/stm32f0xx_hal_adc.c.obj
                0x08002938                HAL_ADC_ConfigChannel
 .text.ADC_Enable
                0x08002cb0      0x108 CMakeFiles/STM32F071CBT7TR.dir/Drivers/STM32F0xx_HAL_Driver/Src/stm32f0xx_hal_adc.c.obj
 .text.ADC_DMAConvCplt
                0x08002db8       0xb4 CMakeFiles/STM32F071CBT7TR.dir/Drivers/STM32F0xx_HAL_Driver/Src/stm32f0xx_hal_adc.c.obj
 .text.ADC_DMAHalfConvCplt
                0x08002e6c       0x1e CMakeFiles/STM32F071CBT7TR.dir/Drivers/STM32F0xx_HAL_Driver/Src/stm32f0xx_hal_adc.c.obj
 .text.ADC_DMAError
                0x08002e8a       0x36 CMakeFiles/STM32F071CBT7TR.dir/Drivers/STM32F0xx_HAL_Driver/Src/stm32f0xx_hal_adc.c.obj
 .text.HAL_ADCEx_Calibration_Start
                0x08002ec0      0x16c CMakeFiles/STM32F071CBT7TR.dir/Drivers/STM32F0xx_HAL_Driver/Src/stm32f0xx_hal_adc_ex.c.obj
                0x08002ec0                HAL_ADCEx_Calibration_Start
 .text.HAL_RCC_OscConfig
                0x0800302c      0xa2c CMakeFiles/STM32F071CBT7TR.dir/Drivers/STM32F0xx_HAL_Driver/Src/stm32f0xx_hal_rcc.c.obj
                0x0800302c                HAL_RCC_OscConfig
 .text.HAL_RCC_ClockConfig
                0x08003a58      0x2d0 CMakeFiles/STM32F071CBT7TR.dir/Drivers/STM32F0xx_HAL_Driver/Src/stm32f0xx_hal_rcc.c.obj
                0x08003a58                HAL_RCC_ClockConfig
 .text.HAL_RCC_GetSysClockFreq
                0x08003d28       0xe4 CMakeFiles/STM32F071CBT7TR.dir/Drivers/STM32F0xx_HAL_Driver/Src/stm32f0xx_hal_rcc.c.obj
                0x08003d28                HAL_RCC_GetSysClockFreq
 .text.HAL_RCC_GetHCLKFreq
                0x08003e0c       0x14 CMakeFiles/STM32F071CBT7TR.dir/Drivers/STM32F0xx_HAL_Driver/Src/stm32f0xx_hal_rcc.c.obj
                0x08003e0c                HAL_RCC_GetHCLKFreq
 .text.HAL_RCC_GetPCLK1Freq
                0x08003e20       0x2c CMakeFiles/STM32F071CBT7TR.dir/Drivers/STM32F0xx_HAL_Driver/Src/stm32f0xx_hal_rcc.c.obj
                0x08003e20                HAL_RCC_GetPCLK1Freq
 .text.HAL_RCCEx_PeriphCLKConfig
                0x08003e4c      0x2c4 CMakeFiles/STM32F071CBT7TR.dir/Drivers/STM32F0xx_HAL_Driver/Src/stm32f0xx_hal_rcc_ex.c.obj
                0x08003e4c                HAL_RCCEx_PeriphCLKConfig
 .text.HAL_Init
                0x08004110       0x28 CMakeFiles/STM32F071CBT7TR.dir/Drivers/STM32F0xx_HAL_Driver/Src/stm32f0xx_hal.c.obj
                0x08004110                HAL_Init
 .text.HAL_InitTick
                0x08004138       0x68 CMakeFiles/STM32F071CBT7TR.dir/Drivers/STM32F0xx_HAL_Driver/Src/stm32f0xx_hal.c.obj
                0x08004138                HAL_InitTick
 .text.HAL_IncTick
                0x080041a0       0x24 CMakeFiles/STM32F071CBT7TR.dir/Drivers/STM32F0xx_HAL_Driver/Src/stm32f0xx_hal.c.obj
                0x080041a0                HAL_IncTick
 .text.HAL_GetTick
                0x080041c4       0x14 CMakeFiles/STM32F071CBT7TR.dir/Drivers/STM32F0xx_HAL_Driver/Src/stm32f0xx_hal.c.obj
                0x080041c4                HAL_GetTick
 .text.HAL_I2C_Init
                0x080041d8      0x288 CMakeFiles/STM32F071CBT7TR.dir/Drivers/STM32F0xx_HAL_Driver/Src/stm32f0xx_hal_i2c.c.obj
                0x080041d8                HAL_I2C_Init
 .text.HAL_I2C_Mem_Write
                0x08004460      0x280 CMakeFiles/STM32F071CBT7TR.dir/Drivers/STM32F0xx_HAL_Driver/Src/stm32f0xx_hal_i2c.c.obj
                0x08004460                HAL_I2C_Mem_Write
 .text.HAL_I2C_Mem_Read
                0x080046e0      0x28c CMakeFiles/STM32F071CBT7TR.dir/Drivers/STM32F0xx_HAL_Driver/Src/stm32f0xx_hal_i2c.c.obj
                0x080046e0                HAL_I2C_Mem_Read
 .text.I2C_RequestMemoryWrite
                0x0800496c       0xc8 CMakeFiles/STM32F071CBT7TR.dir/Drivers/STM32F0xx_HAL_Driver/Src/stm32f0xx_hal_i2c.c.obj
 .text.I2C_RequestMemoryRead
                0x08004a34       0xc4 CMakeFiles/STM32F071CBT7TR.dir/Drivers/STM32F0xx_HAL_Driver/Src/stm32f0xx_hal_i2c.c.obj
 .text.I2C_Flush_TXDR
                0x08004af8       0x44 CMakeFiles/STM32F071CBT7TR.dir/Drivers/STM32F0xx_HAL_Driver/Src/stm32f0xx_hal_i2c.c.obj
 .text.I2C_WaitOnFlagUntilTimeout
                0x08004b3c       0xb0 CMakeFiles/STM32F071CBT7TR.dir/Drivers/STM32F0xx_HAL_Driver/Src/stm32f0xx_hal_i2c.c.obj
 .text.I2C_WaitOnTXISFlagUntilTimeout
                0x08004bec       0x8c CMakeFiles/STM32F071CBT7TR.dir/Drivers/STM32F0xx_HAL_Driver/Src/stm32f0xx_hal_i2c.c.obj
 .text.I2C_WaitOnSTOPFlagUntilTimeout
                0x08004c78       0x86 CMakeFiles/STM32F071CBT7TR.dir/Drivers/STM32F0xx_HAL_Driver/Src/stm32f0xx_hal_i2c.c.obj
 *fill*         0x08004cfe        0x2 
 .text.I2C_IsErrorOccurred
                0x08004d00      0x1f0 CMakeFiles/STM32F071CBT7TR.dir/Drivers/STM32F0xx_HAL_Driver/Src/stm32f0xx_hal_i2c.c.obj
 .text.I2C_TransferConfig
                0x08004ef0      0x10c CMakeFiles/STM32F071CBT7TR.dir/Drivers/STM32F0xx_HAL_Driver/Src/stm32f0xx_hal_i2c.c.obj
 .text.HAL_I2CEx_ConfigAnalogFilter
                0x08004ffc       0xdc CMakeFiles/STM32F071CBT7TR.dir/Drivers/STM32F0xx_HAL_Driver/Src/stm32f0xx_hal_i2c_ex.c.obj
                0x08004ffc                HAL_I2CEx_ConfigAnalogFilter
 .text.HAL_I2CEx_ConfigDigitalFilter
                0x080050d8       0xd4 CMakeFiles/STM32F071CBT7TR.dir/Drivers/STM32F0xx_HAL_Driver/Src/stm32f0xx_hal_i2c_ex.c.obj
                0x080050d8                HAL_I2CEx_ConfigDigitalFilter
 .text.HAL_GPIO_Init
                0x080051ac      0x480 CMakeFiles/STM32F071CBT7TR.dir/Drivers/STM32F0xx_HAL_Driver/Src/stm32f0xx_hal_gpio.c.obj
                0x080051ac                HAL_GPIO_Init
 .text.HAL_DMA_Init
                0x0800562c      0x200 CMakeFiles/STM32F071CBT7TR.dir/Drivers/STM32F0xx_HAL_Driver/Src/stm32f0xx_hal_dma.c.obj
                0x0800562c                HAL_DMA_Init
 .text.HAL_DMA_Start_IT
                0x0800582c       0xf0 CMakeFiles/STM32F071CBT7TR.dir/Drivers/STM32F0xx_HAL_Driver/Src/stm32f0xx_hal_dma.c.obj
                0x0800582c                HAL_DMA_Start_IT
 .text.HAL_DMA_Abort
                0x0800591c       0x70 CMakeFiles/STM32F071CBT7TR.dir/Drivers/STM32F0xx_HAL_Driver/Src/stm32f0xx_hal_dma.c.obj
                0x0800591c                HAL_DMA_Abort
 .text.HAL_DMA_Abort_IT
                0x0800598c       0x8a CMakeFiles/STM32F071CBT7TR.dir/Drivers/STM32F0xx_HAL_Driver/Src/stm32f0xx_hal_dma.c.obj
                0x0800598c                HAL_DMA_Abort_IT
 .text.HAL_DMA_IRQHandler
                0x08005a16      0x144 CMakeFiles/STM32F071CBT7TR.dir/Drivers/STM32F0xx_HAL_Driver/Src/stm32f0xx_hal_dma.c.obj
                0x08005a16                HAL_DMA_IRQHandler
 .text.DMA_SetConfig
                0x08005b5a       0x58 CMakeFiles/STM32F071CBT7TR.dir/Drivers/STM32F0xx_HAL_Driver/Src/stm32f0xx_hal_dma.c.obj
 *fill*         0x08005bb2        0x2 
 .text.DMA_CalcBaseAndBitshift
                0x08005bb4       0x38 CMakeFiles/STM32F071CBT7TR.dir/Drivers/STM32F0xx_HAL_Driver/Src/stm32f0xx_hal_dma.c.obj
 .text.__NVIC_EnableIRQ
                0x08005bec       0x34 CMakeFiles/STM32F071CBT7TR.dir/Drivers/STM32F0xx_HAL_Driver/Src/stm32f0xx_hal_cortex.c.obj
 .text.__NVIC_SetPriority
                0x08005c20       0xdc CMakeFiles/STM32F071CBT7TR.dir/Drivers/STM32F0xx_HAL_Driver/Src/stm32f0xx_hal_cortex.c.obj
 .text.SysTick_Config
                0x08005cfc       0x48 CMakeFiles/STM32F071CBT7TR.dir/Drivers/STM32F0xx_HAL_Driver/Src/stm32f0xx_hal_cortex.c.obj
 .text.HAL_NVIC_SetPriority
                0x08005d44       0x40 CMakeFiles/STM32F071CBT7TR.dir/Drivers/STM32F0xx_HAL_Driver/Src/stm32f0xx_hal_cortex.c.obj
                0x08005d44                HAL_NVIC_SetPriority
 .text.HAL_NVIC_EnableIRQ
                0x08005d84       0x38 CMakeFiles/STM32F071CBT7TR.dir/Drivers/STM32F0xx_HAL_Driver/Src/stm32f0xx_hal_cortex.c.obj
                0x08005d84                HAL_NVIC_EnableIRQ
 .text.HAL_SYSTICK_Config
                0x08005dbc       0x1a CMakeFiles/STM32F071CBT7TR.dir/Drivers/STM32F0xx_HAL_Driver/Src/stm32f0xx_hal_cortex.c.obj
                0x08005dbc                HAL_SYSTICK_Config
 *fill*         0x08005dd6        0x2 
 .text.HAL_TIM_Base_Init
                0x08005dd8      0x204 CMakeFiles/STM32F071CBT7TR.dir/Drivers/STM32F0xx_HAL_Driver/Src/stm32f0xx_hal_tim.c.obj
                0x08005dd8                HAL_TIM_Base_Init
 .text.HAL_TIM_Base_Start_IT
                0x08005fdc      0x128 CMakeFiles/STM32F071CBT7TR.dir/Drivers/STM32F0xx_HAL_Driver/Src/stm32f0xx_hal_tim.c.obj
                0x08005fdc                HAL_TIM_Base_Start_IT
 .text.HAL_TIM_IRQHandler
                0x08006104      0x1dc CMakeFiles/STM32F071CBT7TR.dir/Drivers/STM32F0xx_HAL_Driver/Src/stm32f0xx_hal_tim.c.obj
                0x08006104                HAL_TIM_IRQHandler
 .text.HAL_TIM_ConfigClockSource
                0x080062e0      0x638 CMakeFiles/STM32F071CBT7TR.dir/Drivers/STM32F0xx_HAL_Driver/Src/stm32f0xx_hal_tim.c.obj
                0x080062e0                HAL_TIM_ConfigClockSource
 .text.HAL_TIM_OC_DelayElapsedCallback
                0x08006918       0x10 CMakeFiles/STM32F071CBT7TR.dir/Drivers/STM32F0xx_HAL_Driver/Src/stm32f0xx_hal_tim.c.obj
                0x08006918                HAL_TIM_OC_DelayElapsedCallback
 .text.HAL_TIM_IC_CaptureCallback
                0x08006928       0x10 CMakeFiles/STM32F071CBT7TR.dir/Drivers/STM32F0xx_HAL_Driver/Src/stm32f0xx_hal_tim.c.obj
                0x08006928                HAL_TIM_IC_CaptureCallback
 .text.HAL_TIM_PWM_PulseFinishedCallback
                0x08006938       0x10 CMakeFiles/STM32F071CBT7TR.dir/Drivers/STM32F0xx_HAL_Driver/Src/stm32f0xx_hal_tim.c.obj
                0x08006938                HAL_TIM_PWM_PulseFinishedCallback
 .text.HAL_TIM_TriggerCallback
                0x08006948       0x10 CMakeFiles/STM32F071CBT7TR.dir/Drivers/STM32F0xx_HAL_Driver/Src/stm32f0xx_hal_tim.c.obj
                0x08006948                HAL_TIM_TriggerCallback
 .text.TIM_Base_SetConfig
                0x08006958      0x11c CMakeFiles/STM32F071CBT7TR.dir/Drivers/STM32F0xx_HAL_Driver/Src/stm32f0xx_hal_tim.c.obj
                0x08006958                TIM_Base_SetConfig
 .text.TIM_TI1_ConfigInputStage
                0x08006a74       0x5c CMakeFiles/STM32F071CBT7TR.dir/Drivers/STM32F0xx_HAL_Driver/Src/stm32f0xx_hal_tim.c.obj
 .text.TIM_TI2_ConfigInputStage
                0x08006ad0       0x64 CMakeFiles/STM32F071CBT7TR.dir/Drivers/STM32F0xx_HAL_Driver/Src/stm32f0xx_hal_tim.c.obj
 .text.TIM_ITRx_SetConfig
                0x08006b34       0x32 CMakeFiles/STM32F071CBT7TR.dir/Drivers/STM32F0xx_HAL_Driver/Src/stm32f0xx_hal_tim.c.obj
 *fill*         0x08006b66        0x2 
 .text.TIM_ETR_SetConfig
                0x08006b68       0x40 CMakeFiles/STM32F071CBT7TR.dir/Drivers/STM32F0xx_HAL_Driver/Src/stm32f0xx_hal_tim.c.obj
                0x08006b68                TIM_ETR_SetConfig
 .text.HAL_TIMEx_MasterConfigSynchronization
                0x08006ba8      0x188 CMakeFiles/STM32F071CBT7TR.dir/Drivers/STM32F0xx_HAL_Driver/Src/stm32f0xx_hal_tim_ex.c.obj
                0x08006ba8                HAL_TIMEx_MasterConfigSynchronization
 .text.HAL_TIMEx_CommutCallback
                0x08006d30       0x10 CMakeFiles/STM32F071CBT7TR.dir/Drivers/STM32F0xx_HAL_Driver/Src/stm32f0xx_hal_tim_ex.c.obj
                0x08006d30                HAL_TIMEx_CommutCallback
 .text.HAL_TIMEx_BreakCallback
                0x08006d40       0x10 CMakeFiles/STM32F071CBT7TR.dir/Drivers/STM32F0xx_HAL_Driver/Src/stm32f0xx_hal_tim_ex.c.obj
                0x08006d40                HAL_TIMEx_BreakCallback
 .text.HAL_UART_Init
                0x08006d50      0x134 CMakeFiles/STM32F071CBT7TR.dir/Drivers/STM32F0xx_HAL_Driver/Src/stm32f0xx_hal_uart.c.obj
                0x08006d50                HAL_UART_Init
 .text.HAL_UART_Receive_IT
                0x08006e84       0xae CMakeFiles/STM32F071CBT7TR.dir/Drivers/STM32F0xx_HAL_Driver/Src/stm32f0xx_hal_uart.c.obj
                0x08006e84                HAL_UART_Receive_IT
 *fill*         0x08006f32        0x2 
 .text.HAL_UART_Transmit_DMA
                0x08006f34      0x120 CMakeFiles/STM32F071CBT7TR.dir/Drivers/STM32F0xx_HAL_Driver/Src/stm32f0xx_hal_uart.c.obj
                0x08006f34                HAL_UART_Transmit_DMA
 .text.HAL_UART_IRQHandler
                0x08007054      0x5c0 CMakeFiles/STM32F071CBT7TR.dir/Drivers/STM32F0xx_HAL_Driver/Src/stm32f0xx_hal_uart.c.obj
                0x08007054                HAL_UART_IRQHandler
 .text.HAL_UART_TxHalfCpltCallback
                0x08007614       0x10 CMakeFiles/STM32F071CBT7TR.dir/Drivers/STM32F0xx_HAL_Driver/Src/stm32f0xx_hal_uart.c.obj
                0x08007614                HAL_UART_TxHalfCpltCallback
 .text.HAL_UART_ErrorCallback
                0x08007624       0x10 CMakeFiles/STM32F071CBT7TR.dir/Drivers/STM32F0xx_HAL_Driver/Src/stm32f0xx_hal_uart.c.obj
                0x08007624                HAL_UART_ErrorCallback
 .text.HAL_UARTEx_RxEventCallback
                0x08007634       0x16 CMakeFiles/STM32F071CBT7TR.dir/Drivers/STM32F0xx_HAL_Driver/Src/stm32f0xx_hal_uart.c.obj
                0x08007634                HAL_UARTEx_RxEventCallback
 *fill*         0x0800764a        0x2 
 .text.UART_SetConfig
                0x0800764c      0x47c CMakeFiles/STM32F071CBT7TR.dir/Drivers/STM32F0xx_HAL_Driver/Src/stm32f0xx_hal_uart.c.obj
                0x0800764c                UART_SetConfig
 .text.UART_AdvFeatureConfig
                0x08007ac8      0x30c CMakeFiles/STM32F071CBT7TR.dir/Drivers/STM32F0xx_HAL_Driver/Src/stm32f0xx_hal_uart.c.obj
                0x08007ac8                UART_AdvFeatureConfig
 .text.UART_CheckIdleState
                0x08007dd4      0x150 CMakeFiles/STM32F071CBT7TR.dir/Drivers/STM32F0xx_HAL_Driver/Src/stm32f0xx_hal_uart.c.obj
                0x08007dd4                UART_CheckIdleState
 .text.UART_WaitOnFlagUntilTimeout
                0x08007f24       0xde CMakeFiles/STM32F071CBT7TR.dir/Drivers/STM32F0xx_HAL_Driver/Src/stm32f0xx_hal_uart.c.obj
                0x08007f24                UART_WaitOnFlagUntilTimeout
 *fill*         0x08008002        0x2 
 .text.UART_Start_Receive_IT
                0x08008004      0x194 CMakeFiles/STM32F071CBT7TR.dir/Drivers/STM32F0xx_HAL_Driver/Src/stm32f0xx_hal_uart.c.obj
                0x08008004                UART_Start_Receive_IT
 .text.UART_EndTxTransfer
                0x08008198       0x48 CMakeFiles/STM32F071CBT7TR.dir/Drivers/STM32F0xx_HAL_Driver/Src/stm32f0xx_hal_uart.c.obj
 .text.UART_EndRxTransfer
                0x080081e0       0xc8 CMakeFiles/STM32F071CBT7TR.dir/Drivers/STM32F0xx_HAL_Driver/Src/stm32f0xx_hal_uart.c.obj
 .text.UART_DMATransmitCplt
                0x080082a8       0x94 CMakeFiles/STM32F071CBT7TR.dir/Drivers/STM32F0xx_HAL_Driver/Src/stm32f0xx_hal_uart.c.obj
 .text.UART_DMATxHalfCplt
                0x0800833c       0x1e CMakeFiles/STM32F071CBT7TR.dir/Drivers/STM32F0xx_HAL_Driver/Src/stm32f0xx_hal_uart.c.obj
 .text.UART_DMAError
                0x0800835a       0x84 CMakeFiles/STM32F071CBT7TR.dir/Drivers/STM32F0xx_HAL_Driver/Src/stm32f0xx_hal_uart.c.obj
 .text.UART_DMAAbortOnError
                0x080083de       0x2e CMakeFiles/STM32F071CBT7TR.dir/Drivers/STM32F0xx_HAL_Driver/Src/stm32f0xx_hal_uart.c.obj
 .text.UART_EndTransmit_IT
                0x0800840c       0x56 CMakeFiles/STM32F071CBT7TR.dir/Drivers/STM32F0xx_HAL_Driver/Src/stm32f0xx_hal_uart.c.obj
 *fill*         0x08008462        0x2 
 .text.UART_RxISR_8BIT
                0x08008464      0x1b8 CMakeFiles/STM32F071CBT7TR.dir/Drivers/STM32F0xx_HAL_Driver/Src/stm32f0xx_hal_uart.c.obj
 .text.UART_RxISR_16BIT
                0x0800861c      0x1b8 CMakeFiles/STM32F071CBT7TR.dir/Drivers/STM32F0xx_HAL_Driver/Src/stm32f0xx_hal_uart.c.obj
 .text.HAL_RS485Ex_Init
                0x080087d4      0x160 CMakeFiles/STM32F071CBT7TR.dir/Drivers/STM32F0xx_HAL_Driver/Src/stm32f0xx_hal_uart_ex.c.obj
                0x080087d4                HAL_RS485Ex_Init
 .text.HAL_UARTEx_WakeupCallback
                0x08008934       0x10 CMakeFiles/STM32F071CBT7TR.dir/Drivers/STM32F0xx_HAL_Driver/Src/stm32f0xx_hal_uart_ex.c.obj
                0x08008934                HAL_UARTEx_WakeupCallback
 .text.SystemInit
                0x08008944        0xa CMakeFiles/STM32F071CBT7TR.dir/Core/Src/system_stm32f0xx.c.obj
                0x08008944                SystemInit
 *fill*         0x0800894e        0x2 
 .text._sbrk    0x08008950       0x6c CMakeFiles/STM32F071CBT7TR.dir/Core/Src/sysmem.c.obj
                0x08008950                _sbrk
 .text._read    0x080089bc       0x3a CMakeFiles/STM32F071CBT7TR.dir/Core/Src/syscalls.c.obj
                0x080089bc                _read
 .text._write   0x080089f6       0x38 CMakeFiles/STM32F071CBT7TR.dir/Core/Src/syscalls.c.obj
                0x080089f6                _write
 .text._close   0x08008a2e       0x14 CMakeFiles/STM32F071CBT7TR.dir/Core/Src/syscalls.c.obj
                0x08008a2e                _close
 .text._fstat   0x08008a42       0x1c CMakeFiles/STM32F071CBT7TR.dir/Core/Src/syscalls.c.obj
                0x08008a42                _fstat
 .text._isatty  0x08008a5e       0x12 CMakeFiles/STM32F071CBT7TR.dir/Core/Src/syscalls.c.obj
                0x08008a5e                _isatty
 .text._lseek   0x08008a70       0x16 CMakeFiles/STM32F071CBT7TR.dir/Core/Src/syscalls.c.obj
                0x08008a70                _lseek
 *fill*         0x08008a86        0x2 
 .text.Reset_Handler
                0x08008a88       0x50 CMakeFiles/STM32F071CBT7TR.dir/startup_stm32f071xb.s.obj
                0x08008a88                Reset_Handler
 .text.Default_Handler
                0x08008ad8        0x2 CMakeFiles/STM32F071CBT7TR.dir/startup_stm32f071xb.s.obj
                0x08008ad8                TIM1_CC_IRQHandler
                0x08008ad8                TSC_IRQHandler
                0x08008ad8                ADC1_COMP_IRQHandler
                0x08008ad8                I2C1_IRQHandler
                0x08008ad8                RCC_CRS_IRQHandler
                0x08008ad8                SPI1_IRQHandler
                0x08008ad8                TIM6_DAC_IRQHandler
                0x08008ad8                EXTI2_3_IRQHandler
                0x08008ad8                I2C2_IRQHandler
                0x08008ad8                TIM17_IRQHandler
                0x08008ad8                CEC_CAN_IRQHandler
                0x08008ad8                RTC_IRQHandler
                0x08008ad8                PVD_VDDIO2_IRQHandler
                0x08008ad8                TIM16_IRQHandler
                0x08008ad8                EXTI4_15_IRQHandler
                0x08008ad8                Default_Handler
                0x08008ad8                TIM14_IRQHandler
                0x08008ad8                TIM7_IRQHandler
                0x08008ad8                TIM15_IRQHandler
                0x08008ad8                EXTI0_1_IRQHandler
                0x08008ad8                SPI2_IRQHandler
                0x08008ad8                WWDG_IRQHandler
                0x08008ad8                TIM2_IRQHandler
                0x08008ad8                FLASH_IRQHandler
                0x08008ad8                TIM1_BRK_UP_TRG_COM_IRQHandler
 *fill*         0x08008ada        0x2 
 .text.printf   0x08008adc       0x20 C:/ST/STM32CubeCLT_1.15.1/GNU-tools-for-STM32/bin/../lib/gcc/arm-none-eabi/12.3.1/../../../../arm-none-eabi/lib/thumb/v6-m/nofp\libg_nano.a(libc_a-printf.o)
                0x08008adc                iprintf
                0x08008adc                printf
 .text.snprintf
                0x08008afc       0x68 C:/ST/STM32CubeCLT_1.15.1/GNU-tools-for-STM32/bin/../lib/gcc/arm-none-eabi/12.3.1/../../../../arm-none-eabi/lib/thumb/v6-m/nofp\libg_nano.a(libc_a-snprintf.o)
                0x08008afc                sniprintf
                0x08008afc                snprintf
 .text.strcat   0x08008b64       0x1a C:/ST/STM32CubeCLT_1.15.1/GNU-tools-for-STM32/bin/../lib/gcc/arm-none-eabi/12.3.1/../../../../arm-none-eabi/lib/thumb/v6-m/nofp\libg_nano.a(libc_a-strcat.o)
                0x08008b64                strcat
 *fill*         0x08008b7e        0x2 
 .text.__errno  0x08008b80        0xc C:/ST/STM32CubeCLT_1.15.1/GNU-tools-for-STM32/bin/../lib/gcc/arm-none-eabi/12.3.1/../../../../arm-none-eabi/lib/thumb/v6-m/nofp\libg_nano.a(libc_a-errno.o)
                0x08008b80                __errno
 .text.__ssputs_r
                0x08008b8c       0xc0 C:/ST/STM32CubeCLT_1.15.1/GNU-tools-for-STM32/bin/../lib/gcc/arm-none-eabi/12.3.1/../../../../arm-none-eabi/lib/thumb/v6-m/nofp\libg_nano.a(libc_a-nano-svfprintf.o)
                0x08008b8c                __ssputs_r
 .text._svfprintf_r
                0x08008c4c      0x1fc C:/ST/STM32CubeCLT_1.15.1/GNU-tools-for-STM32/bin/../lib/gcc/arm-none-eabi/12.3.1/../../../../arm-none-eabi/lib/thumb/v6-m/nofp\libg_nano.a(libc_a-nano-svfprintf.o)
                0x08008c4c                _svfiprintf_r
                0x08008c4c                _svfprintf_r
 .text.__sfputc_r
                0x08008e48       0x2a C:/ST/STM32CubeCLT_1.15.1/GNU-tools-for-STM32/bin/../lib/gcc/arm-none-eabi/12.3.1/../../../../arm-none-eabi/lib/thumb/v6-m/nofp\libg_nano.a(libc_a-nano-vfprintf.o)
 .text.__sfputs_r
                0x08008e72       0x24 C:/ST/STM32CubeCLT_1.15.1/GNU-tools-for-STM32/bin/../lib/gcc/arm-none-eabi/12.3.1/../../../../arm-none-eabi/lib/thumb/v6-m/nofp\libg_nano.a(libc_a-nano-vfprintf.o)
                0x08008e72                __sfputs_r
 *fill*         0x08008e96        0x2 
 .text._vfprintf_r
                0x08008e98      0x238 C:/ST/STM32CubeCLT_1.15.1/GNU-tools-for-STM32/bin/../lib/gcc/arm-none-eabi/12.3.1/../../../../arm-none-eabi/lib/thumb/v6-m/nofp\libg_nano.a(libc_a-nano-vfprintf.o)
                0x08008e98                _vfprintf_r
                0x08008e98                _vfiprintf_r
 .text._printf_common
                0x080090d0       0xde C:/ST/STM32CubeCLT_1.15.1/GNU-tools-for-STM32/bin/../lib/gcc/arm-none-eabi/12.3.1/../../../../arm-none-eabi/lib/thumb/v6-m/nofp\libg_nano.a(libc_a-nano-vfprintf_i.o)
                0x080090d0                _printf_common
 *fill*         0x080091ae        0x2 
 .text._printf_i
                0x080091b0      0x21c C:/ST/STM32CubeCLT_1.15.1/GNU-tools-for-STM32/bin/../lib/gcc/arm-none-eabi/12.3.1/../../../../arm-none-eabi/lib/thumb/v6-m/nofp\libg_nano.a(libc_a-nano-vfprintf_i.o)
                0x080091b0                _printf_i
 .text.__swbuf_r
                0x080093cc       0x84 C:/ST/STM32CubeCLT_1.15.1/GNU-tools-for-STM32/bin/../lib/gcc/arm-none-eabi/12.3.1/../../../../arm-none-eabi/lib/thumb/v6-m/nofp\libg_nano.a(libc_a-wbuf.o)
                0x080093cc                __swbuf_r
 .text.__swsetup_r
                0x08009450       0xbc C:/ST/STM32CubeCLT_1.15.1/GNU-tools-for-STM32/bin/../lib/gcc/arm-none-eabi/12.3.1/../../../../arm-none-eabi/lib/thumb/v6-m/nofp\libg_nano.a(libc_a-wsetup.o)
                0x08009450                __swsetup_r
 .text.memmove  0x0800950c       0x26 C:/ST/STM32CubeCLT_1.15.1/GNU-tools-for-STM32/bin/../lib/gcc/arm-none-eabi/12.3.1/../../../../arm-none-eabi/lib/thumb/v6-m/nofp\libg_nano.a(libc_a-memmove.o)
                0x0800950c                memmove
 .text.memchr   0x08009532       0x16 C:/ST/STM32CubeCLT_1.15.1/GNU-tools-for-STM32/bin/../lib/gcc/arm-none-eabi/12.3.1/../../../../arm-none-eabi/lib/thumb/v6-m/nofp\libg_nano.a(libc_a-memchr-stub.o)
                0x08009532                memchr
 .text.memcpy   0x08009548       0x12 C:/ST/STM32CubeCLT_1.15.1/GNU-tools-for-STM32/bin/../lib/gcc/arm-none-eabi/12.3.1/../../../../arm-none-eabi/lib/thumb/v6-m/nofp\libg_nano.a(libc_a-memcpy-stub.o)
                0x08009548                memcpy
 .text._realloc_r
                0x0800955a       0x5e C:/ST/STM32CubeCLT_1.15.1/GNU-tools-for-STM32/bin/../lib/gcc/arm-none-eabi/12.3.1/../../../../arm-none-eabi/lib/thumb/v6-m/nofp\libg_nano.a(libc_a-reallocr.o)
                0x0800955a                _realloc_r
 .text.__swhatbuf_r
                0x080095b8       0x54 C:/ST/STM32CubeCLT_1.15.1/GNU-tools-for-STM32/bin/../lib/gcc/arm-none-eabi/12.3.1/../../../../arm-none-eabi/lib/thumb/v6-m/nofp\libg_nano.a(libc_a-makebuf.o)
                0x080095b8                __swhatbuf_r
 .text.__smakebuf_r
                0x0800960c       0x82 C:/ST/STM32CubeCLT_1.15.1/GNU-tools-for-STM32/bin/../lib/gcc/arm-none-eabi/12.3.1/../../../../arm-none-eabi/lib/thumb/v6-m/nofp\libg_nano.a(libc_a-makebuf.o)
                0x0800960c                __smakebuf_r
 *fill*         0x0800968e        0x2 
 .text._fstat_r
                0x08009690       0x24 C:/ST/STM32CubeCLT_1.15.1/GNU-tools-for-STM32/bin/../lib/gcc/arm-none-eabi/12.3.1/../../../../arm-none-eabi/lib/thumb/v6-m/nofp\libg_nano.a(libc_a-fstatr.o)
                0x08009690                _fstat_r
 .text._isatty_r
                0x080096b4       0x24 C:/ST/STM32CubeCLT_1.15.1/GNU-tools-for-STM32/bin/../lib/gcc/arm-none-eabi/12.3.1/../../../../arm-none-eabi/lib/thumb/v6-m/nofp\libg_nano.a(libc_a-isattyr.o)
                0x080096b4                _isatty_r
 .text._malloc_usable_size_r
                0x080096d8       0x10 C:/ST/STM32CubeCLT_1.15.1/GNU-tools-for-STM32/bin/../lib/gcc/arm-none-eabi/12.3.1/../../../../arm-none-eabi/lib/thumb/v6-m/nofp\libg_nano.a(libc_a-msizer.o)
                0x080096d8                _malloc_usable_size_r
 *(.glue_7)
 .glue_7        0x080096e8        0x0 linker stubs
 *(.glue_7t)
 .glue_7t       0x080096e8        0x0 linker stubs
 *(.eh_frame)
 .eh_frame      0x080096e8        0x0 C:/ST/STM32CubeCLT_1.15.1/GNU-tools-for-STM32/bin/../lib/gcc/arm-none-eabi/12.3.1/thumb/v6-m/nofp/crtbegin.o
 *(.init)
 .init          0x080096e8        0x4 C:/ST/STM32CubeCLT_1.15.1/GNU-tools-for-STM32/bin/../lib/gcc/arm-none-eabi/12.3.1/thumb/v6-m/nofp/crti.o
                0x080096e8                _init
 .init          0x080096ec        0x8 C:/ST/STM32CubeCLT_1.15.1/GNU-tools-for-STM32/bin/../lib/gcc/arm-none-eabi/12.3.1/thumb/v6-m/nofp/crtn.o
 *(.fini)
 .fini          0x080096f4        0x4 C:/ST/STM32CubeCLT_1.15.1/GNU-tools-for-STM32/bin/../lib/gcc/arm-none-eabi/12.3.1/thumb/v6-m/nofp/crti.o
                0x080096f4                _fini
 .fini          0x080096f8        0x8 C:/ST/STM32CubeCLT_1.15.1/GNU-tools-for-STM32/bin/../lib/gcc/arm-none-eabi/12.3.1/thumb/v6-m/nofp/crtn.o
                0x08009700                        . = ALIGN (0x4)
                0x08009700                        _etext = .

.vfp11_veneer   0x08009700        0x0
 .vfp11_veneer  0x08009700        0x0 linker stubs

.v4_bx          0x08009700        0x0
 .v4_bx         0x08009700        0x0 linker stubs

.iplt           0x08009700        0x0
 .iplt          0x08009700        0x0 C:/ST/STM32CubeCLT_1.15.1/GNU-tools-for-STM32/bin/../lib/gcc/arm-none-eabi/12.3.1/thumb/v6-m/nofp/crtbegin.o

.rodata         0x08009700      0x6f8
                0x08009700                        . = ALIGN (0x4)
 *(.rodata)
 .rodata        0x08009700       0xee CMakeFiles/STM32F071CBT7TR.dir/Core/Src/main.c.obj
 *fill*         0x080097ee        0x2 
 .rodata        0x080097f0       0x6c CMakeFiles/STM32F071CBT7TR.dir/Drivers/STM32F0xx_HAL_Driver/Src/stm32f0xx_hal_adc.c.obj
 .rodata        0x0800985c       0x6f CMakeFiles/STM32F071CBT7TR.dir/Drivers/STM32F0xx_HAL_Driver/Src/stm32f0xx_hal_adc_ex.c.obj
 *fill*         0x080098cb        0x1 
 .rodata        0x080098cc       0x6c CMakeFiles/STM32F071CBT7TR.dir/Drivers/STM32F0xx_HAL_Driver/Src/stm32f0xx_hal_rcc.c.obj
 .rodata        0x08009938       0x6f CMakeFiles/STM32F071CBT7TR.dir/Drivers/STM32F0xx_HAL_Driver/Src/stm32f0xx_hal_rcc_ex.c.obj
 *fill*         0x080099a7        0x1 
 .rodata        0x080099a8       0x6c CMakeFiles/STM32F071CBT7TR.dir/Drivers/STM32F0xx_HAL_Driver/Src/stm32f0xx_hal_i2c.c.obj
 .rodata        0x08009a14       0x6f CMakeFiles/STM32F071CBT7TR.dir/Drivers/STM32F0xx_HAL_Driver/Src/stm32f0xx_hal_i2c_ex.c.obj
 *fill*         0x08009a83        0x1 
 .rodata        0x08009a84       0x6d CMakeFiles/STM32F071CBT7TR.dir/Drivers/STM32F0xx_HAL_Driver/Src/stm32f0xx_hal_gpio.c.obj
 *fill*         0x08009af1        0x3 
 .rodata        0x08009af4       0x6c CMakeFiles/STM32F071CBT7TR.dir/Drivers/STM32F0xx_HAL_Driver/Src/stm32f0xx_hal_dma.c.obj
 .rodata        0x08009b60       0x6f CMakeFiles/STM32F071CBT7TR.dir/Drivers/STM32F0xx_HAL_Driver/Src/stm32f0xx_hal_cortex.c.obj
 *fill*         0x08009bcf        0x1 
 .rodata        0x08009bd0       0x6c CMakeFiles/STM32F071CBT7TR.dir/Drivers/STM32F0xx_HAL_Driver/Src/stm32f0xx_hal_tim.c.obj
 .rodata        0x08009c3c       0x6f CMakeFiles/STM32F071CBT7TR.dir/Drivers/STM32F0xx_HAL_Driver/Src/stm32f0xx_hal_tim_ex.c.obj
 *fill*         0x08009cab        0x1 
 .rodata        0x08009cac       0x6d CMakeFiles/STM32F071CBT7TR.dir/Drivers/STM32F0xx_HAL_Driver/Src/stm32f0xx_hal_uart.c.obj
 *fill*         0x08009d19        0x3 
 .rodata        0x08009d1c       0x70 CMakeFiles/STM32F071CBT7TR.dir/Drivers/STM32F0xx_HAL_Driver/Src/stm32f0xx_hal_uart_ex.c.obj
 *(.rodata*)
 .rodata.aPLLMULFactorTable.1
                0x08009d8c       0x10 CMakeFiles/STM32F071CBT7TR.dir/Drivers/STM32F0xx_HAL_Driver/Src/stm32f0xx_hal_rcc.c.obj
 .rodata.aPredivFactorTable.0
                0x08009d9c       0x10 CMakeFiles/STM32F071CBT7TR.dir/Drivers/STM32F0xx_HAL_Driver/Src/stm32f0xx_hal_rcc.c.obj
 .rodata.AHBPrescTable
                0x08009dac       0x10 CMakeFiles/STM32F071CBT7TR.dir/Core/Src/system_stm32f0xx.c.obj
                0x08009dac                AHBPrescTable
 .rodata.APBPrescTable
                0x08009dbc        0x8 CMakeFiles/STM32F071CBT7TR.dir/Core/Src/system_stm32f0xx.c.obj
                0x08009dbc                APBPrescTable
 .rodata._svfprintf_r.str1.1
                0x08009dc4       0x11 C:/ST/STM32CubeCLT_1.15.1/GNU-tools-for-STM32/bin/../lib/gcc/arm-none-eabi/12.3.1/../../../../arm-none-eabi/lib/thumb/v6-m/nofp\libg_nano.a(libc_a-nano-svfprintf.o)
 .rodata._vfprintf_r.str1.1
                0x08009dd5       0x11 C:/ST/STM32CubeCLT_1.15.1/GNU-tools-for-STM32/bin/../lib/gcc/arm-none-eabi/12.3.1/../../../../arm-none-eabi/lib/thumb/v6-m/nofp\libg_nano.a(libc_a-nano-vfprintf.o)
 .rodata._printf_i.str1.1
                0x08009dd5       0x22 C:/ST/STM32CubeCLT_1.15.1/GNU-tools-for-STM32/bin/../lib/gcc/arm-none-eabi/12.3.1/../../../../arm-none-eabi/lib/thumb/v6-m/nofp\libg_nano.a(libc_a-nano-vfprintf_i.o)
                0x08009df8                        . = ALIGN (0x4)
 *fill*         0x08009df7        0x1 

.rel.dyn        0x08009df8        0x0
 .rel.iplt      0x08009df8        0x0 C:/ST/STM32CubeCLT_1.15.1/GNU-tools-for-STM32/bin/../lib/gcc/arm-none-eabi/12.3.1/thumb/v6-m/nofp/crtbegin.o

.ARM.extab
 *(.ARM.extab* .gnu.linkonce.armextab.*)

.ARM            0x08009df8        0x0
                0x08009df8                        __exidx_start = .
 *(.ARM.exidx*)
                0x08009df8                        __exidx_end = .

.preinit_array  0x08009df8        0x0
                0x08009df8                        PROVIDE (__preinit_array_start = .)
 *(.preinit_array*)
                0x08009df8                        PROVIDE (__preinit_array_end = .)

.init_array     0x08009df8        0x4
                0x08009df8                        PROVIDE (__init_array_start = .)
 *(SORT_BY_NAME(.init_array.*))
 *(.init_array*)
 .init_array    0x08009df8        0x4 C:/ST/STM32CubeCLT_1.15.1/GNU-tools-for-STM32/bin/../lib/gcc/arm-none-eabi/12.3.1/thumb/v6-m/nofp/crtbegin.o
                0x08009dfc                        PROVIDE (__init_array_end = .)

.fini_array     0x08009dfc        0x4
                [!provide]                        PROVIDE (__fini_array_start = .)
 *(SORT_BY_NAME(.fini_array.*))
 *(.fini_array*)
 .fini_array    0x08009dfc        0x4 C:/ST/STM32CubeCLT_1.15.1/GNU-tools-for-STM32/bin/../lib/gcc/arm-none-eabi/12.3.1/thumb/v6-m/nofp/crtbegin.o
                [!provide]                        PROVIDE (__fini_array_end = .)
                0x08009e00                        _sidata = LOADADDR (.data)

.data           0x20000000       0x70 load address 0x08009e00
                0x20000000                        . = ALIGN (0x4)
                0x20000000                        _sdata = .
 *(.data)
 *(.data*)
 .data.__sglue  0x20000000        0xc C:/ST/STM32CubeCLT_1.15.1/GNU-tools-for-STM32/bin/../lib/gcc/arm-none-eabi/12.3.1/../../../../arm-none-eabi/lib/thumb/v6-m/nofp\libc_nano.a(libc_a-findfp.o)
                0x20000000                __sglue
 .data._impure_ptr
                0x2000000c        0x4 C:/ST/STM32CubeCLT_1.15.1/GNU-tools-for-STM32/bin/../lib/gcc/arm-none-eabi/12.3.1/../../../../arm-none-eabi/lib/thumb/v6-m/nofp\libc_nano.a(libc_a-impure.o)
                0x2000000c                _impure_ptr
 .data._impure_data
                0x20000010       0x4c C:/ST/STM32CubeCLT_1.15.1/GNU-tools-for-STM32/bin/../lib/gcc/arm-none-eabi/12.3.1/../../../../arm-none-eabi/lib/thumb/v6-m/nofp\libc_nano.a(libc_a-impure.o)
                0x20000010                _impure_data
 .data.reqCnt   0x2000005c        0x1 CMakeFiles/STM32F071CBT7TR.dir/Core/Src/main.c.obj
                0x2000005c                reqCnt
 *fill*         0x2000005d        0x1 
 .data.txCnt    0x2000005e        0x2 CMakeFiles/STM32F071CBT7TR.dir/Core/Src/main.c.obj
                0x2000005e                txCnt
 .data.adcCnt   0x20000060        0x2 CMakeFiles/STM32F071CBT7TR.dir/Core/Src/main.c.obj
                0x20000060                adcCnt
 *fill*         0x20000062        0x2 
 .data.uwTickPrio
                0x20000064        0x4 CMakeFiles/STM32F071CBT7TR.dir/Drivers/STM32F0xx_HAL_Driver/Src/stm32f0xx_hal.c.obj
                0x20000064                uwTickPrio
 .data.uwTickFreq
                0x20000068        0x1 CMakeFiles/STM32F071CBT7TR.dir/Drivers/STM32F0xx_HAL_Driver/Src/stm32f0xx_hal.c.obj
                0x20000068                uwTickFreq
 *fill*         0x20000069        0x3 
 .data.SystemCoreClock
                0x2000006c        0x4 CMakeFiles/STM32F071CBT7TR.dir/Core/Src/system_stm32f0xx.c.obj
                0x2000006c                SystemCoreClock
                0x20000070                        . = ALIGN (0x4)
                0x20000070                        _edata = .

.igot.plt       0x20000070        0x0 load address 0x08009e70
 .igot.plt      0x20000070        0x0 C:/ST/STM32CubeCLT_1.15.1/GNU-tools-for-STM32/bin/../lib/gcc/arm-none-eabi/12.3.1/thumb/v6-m/nofp/crtbegin.o
                0x20000070                        . = ALIGN (0x4)

.bss            0x20000070      0x9a8 load address 0x08009e70
                0x20000070                        _sbss = .
                0x20000070                        __bss_start__ = _sbss
 *(.bss)
 .bss           0x20000070       0x1c C:/ST/STM32CubeCLT_1.15.1/GNU-tools-for-STM32/bin/../lib/gcc/arm-none-eabi/12.3.1/thumb/v6-m/nofp/crtbegin.o
 *(.bss*)
 .bss.__sf      0x2000008c      0x138 C:/ST/STM32CubeCLT_1.15.1/GNU-tools-for-STM32/bin/../lib/gcc/arm-none-eabi/12.3.1/../../../../arm-none-eabi/lib/thumb/v6-m/nofp\libc_nano.a(libc_a-findfp.o)
                0x2000008c                __sf
 .bss.__stdio_exit_handler
                0x200001c4        0x4 C:/ST/STM32CubeCLT_1.15.1/GNU-tools-for-STM32/bin/../lib/gcc/arm-none-eabi/12.3.1/../../../../arm-none-eabi/lib/thumb/v6-m/nofp\libc_nano.a(libc_a-findfp.o)
                0x200001c4                __stdio_exit_handler
 .bss.errno     0x200001c8        0x4 C:/ST/STM32CubeCLT_1.15.1/GNU-tools-for-STM32/bin/../lib/gcc/arm-none-eabi/12.3.1/../../../../arm-none-eabi/lib/thumb/v6-m/nofp\libc_nano.a(libc_a-reent.o)
                0x200001c8                errno
 .bss.__lock___malloc_recursive_mutex
                0x200001cc        0x1 C:/ST/STM32CubeCLT_1.15.1/GNU-tools-for-STM32/bin/../lib/gcc/arm-none-eabi/12.3.1/../../../../arm-none-eabi/lib/thumb/v6-m/nofp\libc_nano.a(libc_a-lock.o)
                0x200001cc                __lock___malloc_recursive_mutex
 .bss.__lock___sfp_recursive_mutex
                0x200001cd        0x1 C:/ST/STM32CubeCLT_1.15.1/GNU-tools-for-STM32/bin/../lib/gcc/arm-none-eabi/12.3.1/../../../../arm-none-eabi/lib/thumb/v6-m/nofp\libc_nano.a(libc_a-lock.o)
                0x200001cd                __lock___sfp_recursive_mutex
 *fill*         0x200001ce        0x2 
 .bss.__malloc_sbrk_start
                0x200001d0        0x4 C:/ST/STM32CubeCLT_1.15.1/GNU-tools-for-STM32/bin/../lib/gcc/arm-none-eabi/12.3.1/../../../../arm-none-eabi/lib/thumb/v6-m/nofp\libc_nano.a(libc_a-mallocr.o)
                0x200001d0                __malloc_sbrk_start
 .bss.__malloc_free_list
                0x200001d4        0x4 C:/ST/STM32CubeCLT_1.15.1/GNU-tools-for-STM32/bin/../lib/gcc/arm-none-eabi/12.3.1/../../../../arm-none-eabi/lib/thumb/v6-m/nofp\libc_nano.a(libc_a-mallocr.o)
                0x200001d4                __malloc_free_list
 .bss.txBuff    0x200001d8      0x15e CMakeFiles/STM32F071CBT7TR.dir/Core/Src/main.c.obj
                0x200001d8                txBuff
 *fill*         0x20000336        0x2 
 .bss.txNewBuff
                0x20000338       0x64 CMakeFiles/STM32F071CBT7TR.dir/Core/Src/main.c.obj
                0x20000338                txNewBuff
 .bss.rxBuff    0x2000039c       0x1e CMakeFiles/STM32F071CBT7TR.dir/Core/Src/main.c.obj
                0x2000039c                rxBuff
 *fill*         0x200003ba        0x2 
 .bss.reqBuff   0x200003bc       0x1e CMakeFiles/STM32F071CBT7TR.dir/Core/Src/main.c.obj
                0x200003bc                reqBuff
 .bss.rxData    0x200003da        0x1 CMakeFiles/STM32F071CBT7TR.dir/Core/Src/main.c.obj
                0x200003da                rxData
 *fill*         0x200003db        0x1 
 .bss.usrBuff   0x200003dc       0x1e CMakeFiles/STM32F071CBT7TR.dir/Core/Src/main.c.obj
                0x200003dc                usrBuff
 *fill*         0x200003fa        0x2 
 .bss.dataBuff  0x200003fc       0x1e CMakeFiles/STM32F071CBT7TR.dir/Core/Src/main.c.obj
                0x200003fc                dataBuff
 .bss.usrData   0x2000041a        0x1 CMakeFiles/STM32F071CBT7TR.dir/Core/Src/main.c.obj
                0x2000041a                usrData
 .bss.gwData    0x2000041b        0x1 CMakeFiles/STM32F071CBT7TR.dir/Core/Src/main.c.obj
                0x2000041b                gwData
 .bss.gwBuff    0x2000041c       0x1e CMakeFiles/STM32F071CBT7TR.dir/Core/Src/main.c.obj
                0x2000041c                gwBuff
 *fill*         0x2000043a        0x2 
 .bss.senID     0x2000043c        0x4 CMakeFiles/STM32F071CBT7TR.dir/Core/Src/main.c.obj
                0x2000043c                senID
 .bss.adcFlag   0x20000440        0x1 CMakeFiles/STM32F071CBT7TR.dir/Core/Src/main.c.obj
                0x20000440                adcFlag
 .bss.sendFlag  0x20000441        0x1 CMakeFiles/STM32F071CBT7TR.dir/Core/Src/main.c.obj
                0x20000441                sendFlag
 .bss.reqFlag   0x20000442        0x1 CMakeFiles/STM32F071CBT7TR.dir/Core/Src/main.c.obj
                0x20000442                reqFlag
 .bss.usrFlag   0x20000443        0x1 CMakeFiles/STM32F071CBT7TR.dir/Core/Src/main.c.obj
                0x20000443                usrFlag
 .bss.reqNum    0x20000444        0x1 CMakeFiles/STM32F071CBT7TR.dir/Core/Src/main.c.obj
                0x20000444                reqNum
 .bss.com_err   0x20000445        0x1 CMakeFiles/STM32F071CBT7TR.dir/Core/Src/main.c.obj
                0x20000445                com_err
 .bss.sensorNum
                0x20000446        0x1 CMakeFiles/STM32F071CBT7TR.dir/Core/Src/main.c.obj
                0x20000446                sensorNum
 *fill*         0x20000447        0x1 
 .bss.I2CBuff   0x20000448       0x10 CMakeFiles/STM32F071CBT7TR.dir/Core/Src/main.c.obj
                0x20000448                I2CBuff
 .bss.ReadI2C   0x20000458       0x10 CMakeFiles/STM32F071CBT7TR.dir/Core/Src/main.c.obj
                0x20000458                ReadI2C
 .bss.adcRaw    0x20000468       0x50 CMakeFiles/STM32F071CBT7TR.dir/Core/Src/main.c.obj
                0x20000468                adcRaw
 .bss.adcData   0x200004b8        0x8 CMakeFiles/STM32F071CBT7TR.dir/Core/Src/main.c.obj
                0x200004b8                adcData
 .bss.adcAvg    0x200004c0        0x8 CMakeFiles/STM32F071CBT7TR.dir/Core/Src/main.c.obj
                0x200004c0                adcAvg
 .bss.adcSum    0x200004c8       0x10 CMakeFiles/STM32F071CBT7TR.dir/Core/Src/main.c.obj
                0x200004c8                adcSum
 .bss.adcRawSum
                0x200004d8       0x10 CMakeFiles/STM32F071CBT7TR.dir/Core/Src/main.c.obj
                0x200004d8                adcRawSum
 .bss.senValue  0x200004e8      0x190 CMakeFiles/STM32F071CBT7TR.dir/Core/Src/main.c.obj
                0x200004e8                senValue
 .bss.adcValue  0x20000678       0x10 CMakeFiles/STM32F071CBT7TR.dir/Core/Src/main.c.obj
                0x20000678                adcValue
 .bss.rxNum.1   0x20000688        0x1 CMakeFiles/STM32F071CBT7TR.dir/Core/Src/main.c.obj
 .bss.gwNum.0   0x20000689        0x1 CMakeFiles/STM32F071CBT7TR.dir/Core/Src/main.c.obj
 *fill*         0x2000068a        0x2 
 .bss.hadc      0x2000068c       0x40 CMakeFiles/STM32F071CBT7TR.dir/Core/Src/adc.c.obj
                0x2000068c                hadc
 .bss.hdma_adc  0x200006cc       0x44 CMakeFiles/STM32F071CBT7TR.dir/Core/Src/adc.c.obj
                0x200006cc                hdma_adc
 .bss.hi2c1     0x20000710       0x54 CMakeFiles/STM32F071CBT7TR.dir/Core/Src/i2c.c.obj
                0x20000710                hi2c1
 .bss.htim3     0x20000764       0x48 CMakeFiles/STM32F071CBT7TR.dir/Core/Src/tim.c.obj
                0x20000764                htim3
 .bss.huart1    0x200007ac       0x88 CMakeFiles/STM32F071CBT7TR.dir/Core/Src/usart.c.obj
                0x200007ac                huart1
 .bss.huart2    0x20000834       0x88 CMakeFiles/STM32F071CBT7TR.dir/Core/Src/usart.c.obj
                0x20000834                huart2
 .bss.huart4    0x200008bc       0x88 CMakeFiles/STM32F071CBT7TR.dir/Core/Src/usart.c.obj
                0x200008bc                huart4
 .bss.hdma_usart1_tx
                0x20000944       0x44 CMakeFiles/STM32F071CBT7TR.dir/Core/Src/usart.c.obj
                0x20000944                hdma_usart1_tx
 .bss.hdma_usart2_tx
                0x20000988       0x44 CMakeFiles/STM32F071CBT7TR.dir/Core/Src/usart.c.obj
                0x20000988                hdma_usart2_tx
 .bss.hdma_usart4_tx
                0x200009cc       0x44 CMakeFiles/STM32F071CBT7TR.dir/Core/Src/usart.c.obj
                0x200009cc                hdma_usart4_tx
 .bss.uwTick    0x20000a10        0x4 CMakeFiles/STM32F071CBT7TR.dir/Drivers/STM32F0xx_HAL_Driver/Src/stm32f0xx_hal.c.obj
                0x20000a10                uwTick
 .bss.__sbrk_heap_end
                0x20000a14        0x4 CMakeFiles/STM32F071CBT7TR.dir/Core/Src/sysmem.c.obj
 *(COMMON)
                0x20000a18                        . = ALIGN (0x4)
                0x20000a18                        _ebss = .
                0x20000a18                        __bss_end__ = _ebss

._user_heap_stack
                0x20000a18      0x600 load address 0x08009e70
                0x20000a18                        . = ALIGN (0x8)
                [!provide]                        PROVIDE (end = .)
                0x20000a18                        PROVIDE (_end = .)
                0x20000c18                        . = (. + _Min_Heap_Size)
 *fill*         0x20000a18      0x200 
                0x20001018                        . = (. + _Min_Stack_Size)
 *fill*         0x20000c18      0x400 
                0x20001018                        . = ALIGN (0x8)

/DISCARD/
 libc.a(*)
 libm.a(*)
 libgcc.a(*)
OUTPUT(STM32F071CBT7TR.elf elf32-littlearm)
LOAD linker stubs
LOAD C:/ST/STM32CubeCLT_1.15.1/GNU-tools-for-STM32/bin/../lib/gcc/arm-none-eabi/12.3.1/../../../../arm-none-eabi/lib/thumb/v6-m/nofp\libc.a
LOAD C:/ST/STM32CubeCLT_1.15.1/GNU-tools-for-STM32/bin/../lib/gcc/arm-none-eabi/12.3.1/../../../../arm-none-eabi/lib/thumb/v6-m/nofp\libm.a
LOAD C:/ST/STM32CubeCLT_1.15.1/GNU-tools-for-STM32/bin/../lib/gcc/arm-none-eabi/12.3.1/thumb/v6-m/nofp\libgcc.a

.ARM.attributes
                0x00000000       0x28
 .ARM.attributes
                0x00000000       0x1e C:/ST/STM32CubeCLT_1.15.1/GNU-tools-for-STM32/bin/../lib/gcc/arm-none-eabi/12.3.1/thumb/v6-m/nofp/crti.o
 .ARM.attributes
                0x0000001e       0x2c C:/ST/STM32CubeCLT_1.15.1/GNU-tools-for-STM32/bin/../lib/gcc/arm-none-eabi/12.3.1/thumb/v6-m/nofp/crtbegin.o
 .ARM.attributes
                0x0000004a       0x2c C:/ST/STM32CubeCLT_1.15.1/GNU-tools-for-STM32/bin/../lib/gcc/arm-none-eabi/12.3.1/../../../../arm-none-eabi/lib/thumb/v6-m/nofp\libc_nano.a(libc_a-findfp.o)
 .ARM.attributes
                0x00000076       0x2c C:/ST/STM32CubeCLT_1.15.1/GNU-tools-for-STM32/bin/../lib/gcc/arm-none-eabi/12.3.1/../../../../arm-none-eabi/lib/thumb/v6-m/nofp\libc_nano.a(libc_a-fwalk.o)
 .ARM.attributes
                0x000000a2       0x2c C:/ST/STM32CubeCLT_1.15.1/GNU-tools-for-STM32/bin/../lib/gcc/arm-none-eabi/12.3.1/../../../../arm-none-eabi/lib/thumb/v6-m/nofp\libc_nano.a(libc_a-stdio.o)
 .ARM.attributes
                0x000000ce       0x2c C:/ST/STM32CubeCLT_1.15.1/GNU-tools-for-STM32/bin/../lib/gcc/arm-none-eabi/12.3.1/../../../../arm-none-eabi/lib/thumb/v6-m/nofp\libc_nano.a(libc_a-memset.o)
 .ARM.attributes
                0x000000fa       0x2c C:/ST/STM32CubeCLT_1.15.1/GNU-tools-for-STM32/bin/../lib/gcc/arm-none-eabi/12.3.1/../../../../arm-none-eabi/lib/thumb/v6-m/nofp\libc_nano.a(libc_a-closer.o)
 .ARM.attributes
                0x00000126       0x2c C:/ST/STM32CubeCLT_1.15.1/GNU-tools-for-STM32/bin/../lib/gcc/arm-none-eabi/12.3.1/../../../../arm-none-eabi/lib/thumb/v6-m/nofp\libc_nano.a(libc_a-reent.o)
 .ARM.attributes
                0x00000152       0x2c C:/ST/STM32CubeCLT_1.15.1/GNU-tools-for-STM32/bin/../lib/gcc/arm-none-eabi/12.3.1/../../../../arm-none-eabi/lib/thumb/v6-m/nofp\libc_nano.a(libc_a-impure.o)
 .ARM.attributes
                0x0000017e       0x2c C:/ST/STM32CubeCLT_1.15.1/GNU-tools-for-STM32/bin/../lib/gcc/arm-none-eabi/12.3.1/../../../../arm-none-eabi/lib/thumb/v6-m/nofp\libc_nano.a(libc_a-lseekr.o)
 .ARM.attributes
                0x000001aa       0x2c C:/ST/STM32CubeCLT_1.15.1/GNU-tools-for-STM32/bin/../lib/gcc/arm-none-eabi/12.3.1/../../../../arm-none-eabi/lib/thumb/v6-m/nofp\libc_nano.a(libc_a-readr.o)
 .ARM.attributes
                0x000001d6       0x2c C:/ST/STM32CubeCLT_1.15.1/GNU-tools-for-STM32/bin/../lib/gcc/arm-none-eabi/12.3.1/../../../../arm-none-eabi/lib/thumb/v6-m/nofp\libc_nano.a(libc_a-writer.o)
 .ARM.attributes
                0x00000202       0x2c C:/ST/STM32CubeCLT_1.15.1/GNU-tools-for-STM32/bin/../lib/gcc/arm-none-eabi/12.3.1/../../../../arm-none-eabi/lib/thumb/v6-m/nofp\libc_nano.a(libc_a-init.o)
 .ARM.attributes
                0x0000022e       0x2c C:/ST/STM32CubeCLT_1.15.1/GNU-tools-for-STM32/bin/../lib/gcc/arm-none-eabi/12.3.1/../../../../arm-none-eabi/lib/thumb/v6-m/nofp\libc_nano.a(libc_a-lock.o)
 .ARM.attributes
                0x0000025a       0x2c C:/ST/STM32CubeCLT_1.15.1/GNU-tools-for-STM32/bin/../lib/gcc/arm-none-eabi/12.3.1/../../../../arm-none-eabi/lib/thumb/v6-m/nofp\libc_nano.a(libc_a-freer.o)
 .ARM.attributes
                0x00000286       0x2c C:/ST/STM32CubeCLT_1.15.1/GNU-tools-for-STM32/bin/../lib/gcc/arm-none-eabi/12.3.1/../../../../arm-none-eabi/lib/thumb/v6-m/nofp\libc_nano.a(libc_a-mallocr.o)
 .ARM.attributes
                0x000002b2       0x2c C:/ST/STM32CubeCLT_1.15.1/GNU-tools-for-STM32/bin/../lib/gcc/arm-none-eabi/12.3.1/../../../../arm-none-eabi/lib/thumb/v6-m/nofp\libc_nano.a(libc_a-mlock.o)
 .ARM.attributes
                0x000002de       0x2c C:/ST/STM32CubeCLT_1.15.1/GNU-tools-for-STM32/bin/../lib/gcc/arm-none-eabi/12.3.1/../../../../arm-none-eabi/lib/thumb/v6-m/nofp\libc_nano.a(libc_a-fflush.o)
 .ARM.attributes
                0x0000030a       0x2c C:/ST/STM32CubeCLT_1.15.1/GNU-tools-for-STM32/bin/../lib/gcc/arm-none-eabi/12.3.1/../../../../arm-none-eabi/lib/thumb/v6-m/nofp\libc_nano.a(libc_a-sbrkr.o)
 .ARM.attributes
                0x00000336       0x2c CMakeFiles/STM32F071CBT7TR.dir/Core/Src/main.c.obj
 .ARM.attributes
                0x00000362       0x2c CMakeFiles/STM32F071CBT7TR.dir/Core/Src/gpio.c.obj
 .ARM.attributes
                0x0000038e       0x2c CMakeFiles/STM32F071CBT7TR.dir/Core/Src/adc.c.obj
 .ARM.attributes
                0x000003ba       0x2c CMakeFiles/STM32F071CBT7TR.dir/Core/Src/dma.c.obj
 .ARM.attributes
                0x000003e6       0x2c CMakeFiles/STM32F071CBT7TR.dir/Core/Src/i2c.c.obj
 .ARM.attributes
                0x00000412       0x2c CMakeFiles/STM32F071CBT7TR.dir/Core/Src/tim.c.obj
 .ARM.attributes
                0x0000043e       0x2c CMakeFiles/STM32F071CBT7TR.dir/Core/Src/usart.c.obj
 .ARM.attributes
                0x0000046a       0x2c CMakeFiles/STM32F071CBT7TR.dir/Core/Src/stm32f0xx_it.c.obj
 .ARM.attributes
                0x00000496       0x2c CMakeFiles/STM32F071CBT7TR.dir/Core/Src/stm32f0xx_hal_msp.c.obj
 .ARM.attributes
                0x000004c2       0x2c CMakeFiles/STM32F071CBT7TR.dir/Drivers/STM32F0xx_HAL_Driver/Src/stm32f0xx_hal_adc.c.obj
 .ARM.attributes
                0x000004ee       0x2c CMakeFiles/STM32F071CBT7TR.dir/Drivers/STM32F0xx_HAL_Driver/Src/stm32f0xx_hal_adc_ex.c.obj
 .ARM.attributes
                0x0000051a       0x2c CMakeFiles/STM32F071CBT7TR.dir/Drivers/STM32F0xx_HAL_Driver/Src/stm32f0xx_hal_rcc.c.obj
 .ARM.attributes
                0x00000546       0x2c CMakeFiles/STM32F071CBT7TR.dir/Drivers/STM32F0xx_HAL_Driver/Src/stm32f0xx_hal_rcc_ex.c.obj
 .ARM.attributes
                0x00000572       0x2c CMakeFiles/STM32F071CBT7TR.dir/Drivers/STM32F0xx_HAL_Driver/Src/stm32f0xx_hal.c.obj
 .ARM.attributes
                0x0000059e       0x2c CMakeFiles/STM32F071CBT7TR.dir/Drivers/STM32F0xx_HAL_Driver/Src/stm32f0xx_hal_i2c.c.obj
 .ARM.attributes
                0x000005ca       0x2c CMakeFiles/STM32F071CBT7TR.dir/Drivers/STM32F0xx_HAL_Driver/Src/stm32f0xx_hal_i2c_ex.c.obj
 .ARM.attributes
                0x000005f6       0x2c CMakeFiles/STM32F071CBT7TR.dir/Drivers/STM32F0xx_HAL_Driver/Src/stm32f0xx_hal_gpio.c.obj
 .ARM.attributes
                0x00000622       0x2c CMakeFiles/STM32F071CBT7TR.dir/Drivers/STM32F0xx_HAL_Driver/Src/stm32f0xx_hal_dma.c.obj
 .ARM.attributes
                0x0000064e       0x2c CMakeFiles/STM32F071CBT7TR.dir/Drivers/STM32F0xx_HAL_Driver/Src/stm32f0xx_hal_cortex.c.obj
 .ARM.attributes
                0x0000067a       0x2c CMakeFiles/STM32F071CBT7TR.dir/Drivers/STM32F0xx_HAL_Driver/Src/stm32f0xx_hal_tim.c.obj
 .ARM.attributes
                0x000006a6       0x2c CMakeFiles/STM32F071CBT7TR.dir/Drivers/STM32F0xx_HAL_Driver/Src/stm32f0xx_hal_tim_ex.c.obj
 .ARM.attributes
                0x000006d2       0x2c CMakeFiles/STM32F071CBT7TR.dir/Drivers/STM32F0xx_HAL_Driver/Src/stm32f0xx_hal_uart.c.obj
 .ARM.attributes
                0x000006fe       0x2c CMakeFiles/STM32F071CBT7TR.dir/Drivers/STM32F0xx_HAL_Driver/Src/stm32f0xx_hal_uart_ex.c.obj
 .ARM.attributes
                0x0000072a       0x2c CMakeFiles/STM32F071CBT7TR.dir/Core/Src/system_stm32f0xx.c.obj
 .ARM.attributes
                0x00000756       0x2c CMakeFiles/STM32F071CBT7TR.dir/Core/Src/sysmem.c.obj
 .ARM.attributes
                0x00000782       0x2c CMakeFiles/STM32F071CBT7TR.dir/Core/Src/syscalls.c.obj
 .ARM.attributes
                0x000007ae       0x21 CMakeFiles/STM32F071CBT7TR.dir/startup_stm32f071xb.s.obj
 .ARM.attributes
                0x000007cf       0x1e C:/ST/STM32CubeCLT_1.15.1/GNU-tools-for-STM32/bin/../lib/gcc/arm-none-eabi/12.3.1/thumb/v6-m/nofp\libgcc.a(_udivsi3.o)
 .ARM.attributes
                0x000007ed       0x1e C:/ST/STM32CubeCLT_1.15.1/GNU-tools-for-STM32/bin/../lib/gcc/arm-none-eabi/12.3.1/thumb/v6-m/nofp\libgcc.a(_divsi3.o)
 .ARM.attributes
                0x0000080b       0x1e C:/ST/STM32CubeCLT_1.15.1/GNU-tools-for-STM32/bin/../lib/gcc/arm-none-eabi/12.3.1/thumb/v6-m/nofp\libgcc.a(_dvmd_tls.o)
 .ARM.attributes
                0x00000829       0x2c C:/ST/STM32CubeCLT_1.15.1/GNU-tools-for-STM32/bin/../lib/gcc/arm-none-eabi/12.3.1/../../../../arm-none-eabi/lib/thumb/v6-m/nofp\libg_nano.a(libc_a-printf.o)
 .ARM.attributes
                0x00000855       0x2c C:/ST/STM32CubeCLT_1.15.1/GNU-tools-for-STM32/bin/../lib/gcc/arm-none-eabi/12.3.1/../../../../arm-none-eabi/lib/thumb/v6-m/nofp\libg_nano.a(libc_a-snprintf.o)
 .ARM.attributes
                0x00000881       0x2c C:/ST/STM32CubeCLT_1.15.1/GNU-tools-for-STM32/bin/../lib/gcc/arm-none-eabi/12.3.1/../../../../arm-none-eabi/lib/thumb/v6-m/nofp\libg_nano.a(libc_a-strcat.o)
 .ARM.attributes
                0x000008ad       0x2c C:/ST/STM32CubeCLT_1.15.1/GNU-tools-for-STM32/bin/../lib/gcc/arm-none-eabi/12.3.1/../../../../arm-none-eabi/lib/thumb/v6-m/nofp\libg_nano.a(libc_a-errno.o)
 .ARM.attributes
                0x000008d9       0x1c C:/ST/STM32CubeCLT_1.15.1/GNU-tools-for-STM32/bin/../lib/gcc/arm-none-eabi/12.3.1/../../../../arm-none-eabi/lib/thumb/v6-m/nofp\libg_nano.a(libc_a-strlen.o)
 .ARM.attributes
                0x000008f5       0x2c C:/ST/STM32CubeCLT_1.15.1/GNU-tools-for-STM32/bin/../lib/gcc/arm-none-eabi/12.3.1/../../../../arm-none-eabi/lib/thumb/v6-m/nofp\libg_nano.a(libc_a-nano-svfprintf.o)
 .ARM.attributes
                0x00000921       0x2c C:/ST/STM32CubeCLT_1.15.1/GNU-tools-for-STM32/bin/../lib/gcc/arm-none-eabi/12.3.1/../../../../arm-none-eabi/lib/thumb/v6-m/nofp\libg_nano.a(libc_a-nano-vfprintf.o)
 .ARM.attributes
                0x0000094d       0x2c C:/ST/STM32CubeCLT_1.15.1/GNU-tools-for-STM32/bin/../lib/gcc/arm-none-eabi/12.3.1/../../../../arm-none-eabi/lib/thumb/v6-m/nofp\libg_nano.a(libc_a-nano-vfprintf_i.o)
 .ARM.attributes
                0x00000979       0x2c C:/ST/STM32CubeCLT_1.15.1/GNU-tools-for-STM32/bin/../lib/gcc/arm-none-eabi/12.3.1/../../../../arm-none-eabi/lib/thumb/v6-m/nofp\libg_nano.a(libc_a-wbuf.o)
 .ARM.attributes
                0x000009a5       0x2c C:/ST/STM32CubeCLT_1.15.1/GNU-tools-for-STM32/bin/../lib/gcc/arm-none-eabi/12.3.1/../../../../arm-none-eabi/lib/thumb/v6-m/nofp\libg_nano.a(libc_a-wsetup.o)
 .ARM.attributes
                0x000009d1       0x2c C:/ST/STM32CubeCLT_1.15.1/GNU-tools-for-STM32/bin/../lib/gcc/arm-none-eabi/12.3.1/../../../../arm-none-eabi/lib/thumb/v6-m/nofp\libg_nano.a(libc_a-memmove.o)
 .ARM.attributes
                0x000009fd       0x2c C:/ST/STM32CubeCLT_1.15.1/GNU-tools-for-STM32/bin/../lib/gcc/arm-none-eabi/12.3.1/../../../../arm-none-eabi/lib/thumb/v6-m/nofp\libg_nano.a(libc_a-memchr-stub.o)
 .ARM.attributes
                0x00000a29       0x2c C:/ST/STM32CubeCLT_1.15.1/GNU-tools-for-STM32/bin/../lib/gcc/arm-none-eabi/12.3.1/../../../../arm-none-eabi/lib/thumb/v6-m/nofp\libg_nano.a(libc_a-memcpy-stub.o)
 .ARM.attributes
                0x00000a55       0x2c C:/ST/STM32CubeCLT_1.15.1/GNU-tools-for-STM32/bin/../lib/gcc/arm-none-eabi/12.3.1/../../../../arm-none-eabi/lib/thumb/v6-m/nofp\libg_nano.a(libc_a-reallocr.o)
 .ARM.attributes
                0x00000a81       0x2c C:/ST/STM32CubeCLT_1.15.1/GNU-tools-for-STM32/bin/../lib/gcc/arm-none-eabi/12.3.1/../../../../arm-none-eabi/lib/thumb/v6-m/nofp\libg_nano.a(libc_a-makebuf.o)
 .ARM.attributes
                0x00000aad       0x2c C:/ST/STM32CubeCLT_1.15.1/GNU-tools-for-STM32/bin/../lib/gcc/arm-none-eabi/12.3.1/../../../../arm-none-eabi/lib/thumb/v6-m/nofp\libg_nano.a(libc_a-fstatr.o)
 .ARM.attributes
                0x00000ad9       0x2c C:/ST/STM32CubeCLT_1.15.1/GNU-tools-for-STM32/bin/../lib/gcc/arm-none-eabi/12.3.1/../../../../arm-none-eabi/lib/thumb/v6-m/nofp\libg_nano.a(libc_a-isattyr.o)
 .ARM.attributes
                0x00000b05       0x2c C:/ST/STM32CubeCLT_1.15.1/GNU-tools-for-STM32/bin/../lib/gcc/arm-none-eabi/12.3.1/../../../../arm-none-eabi/lib/thumb/v6-m/nofp\libg_nano.a(libc_a-msizer.o)
 .ARM.attributes
                0x00000b31       0x1e C:/ST/STM32CubeCLT_1.15.1/GNU-tools-for-STM32/bin/../lib/gcc/arm-none-eabi/12.3.1/thumb/v6-m/nofp\libgcc.a(_thumb1_case_shi.o)
 .ARM.attributes
                0x00000b4f       0x1e C:/ST/STM32CubeCLT_1.15.1/GNU-tools-for-STM32/bin/../lib/gcc/arm-none-eabi/12.3.1/thumb/v6-m/nofp/crtn.o

.comment        0x00000000       0x43
 .comment       0x00000000       0x43 CMakeFiles/STM32F071CBT7TR.dir/Core/Src/main.c.obj
                                 0x44 (size before relaxing)
 .comment       0x00000043       0x44 CMakeFiles/STM32F071CBT7TR.dir/Core/Src/gpio.c.obj
 .comment       0x00000043       0x44 CMakeFiles/STM32F071CBT7TR.dir/Core/Src/adc.c.obj
 .comment       0x00000043       0x44 CMakeFiles/STM32F071CBT7TR.dir/Core/Src/dma.c.obj
 .comment       0x00000043       0x44 CMakeFiles/STM32F071CBT7TR.dir/Core/Src/i2c.c.obj
 .comment       0x00000043       0x44 CMakeFiles/STM32F071CBT7TR.dir/Core/Src/tim.c.obj
 .comment       0x00000043       0x44 CMakeFiles/STM32F071CBT7TR.dir/Core/Src/usart.c.obj
 .comment       0x00000043       0x44 CMakeFiles/STM32F071CBT7TR.dir/Core/Src/stm32f0xx_it.c.obj
 .comment       0x00000043       0x44 CMakeFiles/STM32F071CBT7TR.dir/Core/Src/stm32f0xx_hal_msp.c.obj
 .comment       0x00000043       0x44 CMakeFiles/STM32F071CBT7TR.dir/Drivers/STM32F0xx_HAL_Driver/Src/stm32f0xx_hal_adc.c.obj
 .comment       0x00000043       0x44 CMakeFiles/STM32F071CBT7TR.dir/Drivers/STM32F0xx_HAL_Driver/Src/stm32f0xx_hal_adc_ex.c.obj
 .comment       0x00000043       0x44 CMakeFiles/STM32F071CBT7TR.dir/Drivers/STM32F0xx_HAL_Driver/Src/stm32f0xx_hal_rcc.c.obj
 .comment       0x00000043       0x44 CMakeFiles/STM32F071CBT7TR.dir/Drivers/STM32F0xx_HAL_Driver/Src/stm32f0xx_hal_rcc_ex.c.obj
 .comment       0x00000043       0x44 CMakeFiles/STM32F071CBT7TR.dir/Drivers/STM32F0xx_HAL_Driver/Src/stm32f0xx_hal.c.obj
 .comment       0x00000043       0x44 CMakeFiles/STM32F071CBT7TR.dir/Drivers/STM32F0xx_HAL_Driver/Src/stm32f0xx_hal_i2c.c.obj
 .comment       0x00000043       0x44 CMakeFiles/STM32F071CBT7TR.dir/Drivers/STM32F0xx_HAL_Driver/Src/stm32f0xx_hal_i2c_ex.c.obj
 .comment       0x00000043       0x44 CMakeFiles/STM32F071CBT7TR.dir/Drivers/STM32F0xx_HAL_Driver/Src/stm32f0xx_hal_gpio.c.obj
 .comment       0x00000043       0x44 CMakeFiles/STM32F071CBT7TR.dir/Drivers/STM32F0xx_HAL_Driver/Src/stm32f0xx_hal_dma.c.obj
 .comment       0x00000043       0x44 CMakeFiles/STM32F071CBT7TR.dir/Drivers/STM32F0xx_HAL_Driver/Src/stm32f0xx_hal_cortex.c.obj
 .comment       0x00000043       0x44 CMakeFiles/STM32F071CBT7TR.dir/Drivers/STM32F0xx_HAL_Driver/Src/stm32f0xx_hal_tim.c.obj
 .comment       0x00000043       0x44 CMakeFiles/STM32F071CBT7TR.dir/Drivers/STM32F0xx_HAL_Driver/Src/stm32f0xx_hal_tim_ex.c.obj
 .comment       0x00000043       0x44 CMakeFiles/STM32F071CBT7TR.dir/Drivers/STM32F0xx_HAL_Driver/Src/stm32f0xx_hal_uart.c.obj
 .comment       0x00000043       0x44 CMakeFiles/STM32F071CBT7TR.dir/Drivers/STM32F0xx_HAL_Driver/Src/stm32f0xx_hal_uart_ex.c.obj
 .comment       0x00000043       0x44 CMakeFiles/STM32F071CBT7TR.dir/Core/Src/system_stm32f0xx.c.obj
 .comment       0x00000043       0x44 CMakeFiles/STM32F071CBT7TR.dir/Core/Src/sysmem.c.obj
 .comment       0x00000043       0x44 CMakeFiles/STM32F071CBT7TR.dir/Core/Src/syscalls.c.obj
 .comment       0x00000043       0x44 C:/ST/STM32CubeCLT_1.15.1/GNU-tools-for-STM32/bin/../lib/gcc/arm-none-eabi/12.3.1/../../../../arm-none-eabi/lib/thumb/v6-m/nofp\libg_nano.a(libc_a-printf.o)
 .comment       0x00000043       0x44 C:/ST/STM32CubeCLT_1.15.1/GNU-tools-for-STM32/bin/../lib/gcc/arm-none-eabi/12.3.1/../../../../arm-none-eabi/lib/thumb/v6-m/nofp\libg_nano.a(libc_a-snprintf.o)
 .comment       0x00000043       0x44 C:/ST/STM32CubeCLT_1.15.1/GNU-tools-for-STM32/bin/../lib/gcc/arm-none-eabi/12.3.1/../../../../arm-none-eabi/lib/thumb/v6-m/nofp\libg_nano.a(libc_a-strcat.o)
 .comment       0x00000043       0x44 C:/ST/STM32CubeCLT_1.15.1/GNU-tools-for-STM32/bin/../lib/gcc/arm-none-eabi/12.3.1/../../../../arm-none-eabi/lib/thumb/v6-m/nofp\libg_nano.a(libc_a-errno.o)
 .comment       0x00000043       0x44 C:/ST/STM32CubeCLT_1.15.1/GNU-tools-for-STM32/bin/../lib/gcc/arm-none-eabi/12.3.1/../../../../arm-none-eabi/lib/thumb/v6-m/nofp\libg_nano.a(libc_a-nano-svfprintf.o)
 .comment       0x00000043       0x44 C:/ST/STM32CubeCLT_1.15.1/GNU-tools-for-STM32/bin/../lib/gcc/arm-none-eabi/12.3.1/../../../../arm-none-eabi/lib/thumb/v6-m/nofp\libg_nano.a(libc_a-nano-vfprintf.o)
 .comment       0x00000043       0x44 C:/ST/STM32CubeCLT_1.15.1/GNU-tools-for-STM32/bin/../lib/gcc/arm-none-eabi/12.3.1/../../../../arm-none-eabi/lib/thumb/v6-m/nofp\libg_nano.a(libc_a-nano-vfprintf_i.o)
 .comment       0x00000043       0x44 C:/ST/STM32CubeCLT_1.15.1/GNU-tools-for-STM32/bin/../lib/gcc/arm-none-eabi/12.3.1/../../../../arm-none-eabi/lib/thumb/v6-m/nofp\libg_nano.a(libc_a-wbuf.o)
 .comment       0x00000043       0x44 C:/ST/STM32CubeCLT_1.15.1/GNU-tools-for-STM32/bin/../lib/gcc/arm-none-eabi/12.3.1/../../../../arm-none-eabi/lib/thumb/v6-m/nofp\libg_nano.a(libc_a-wsetup.o)
 .comment       0x00000043       0x44 C:/ST/STM32CubeCLT_1.15.1/GNU-tools-for-STM32/bin/../lib/gcc/arm-none-eabi/12.3.1/../../../../arm-none-eabi/lib/thumb/v6-m/nofp\libg_nano.a(libc_a-memmove.o)
 .comment       0x00000043       0x44 C:/ST/STM32CubeCLT_1.15.1/GNU-tools-for-STM32/bin/../lib/gcc/arm-none-eabi/12.3.1/../../../../arm-none-eabi/lib/thumb/v6-m/nofp\libg_nano.a(libc_a-memchr-stub.o)
 .comment       0x00000043       0x44 C:/ST/STM32CubeCLT_1.15.1/GNU-tools-for-STM32/bin/../lib/gcc/arm-none-eabi/12.3.1/../../../../arm-none-eabi/lib/thumb/v6-m/nofp\libg_nano.a(libc_a-memcpy-stub.o)
 .comment       0x00000043       0x44 C:/ST/STM32CubeCLT_1.15.1/GNU-tools-for-STM32/bin/../lib/gcc/arm-none-eabi/12.3.1/../../../../arm-none-eabi/lib/thumb/v6-m/nofp\libg_nano.a(libc_a-reallocr.o)
 .comment       0x00000043       0x44 C:/ST/STM32CubeCLT_1.15.1/GNU-tools-for-STM32/bin/../lib/gcc/arm-none-eabi/12.3.1/../../../../arm-none-eabi/lib/thumb/v6-m/nofp\libg_nano.a(libc_a-makebuf.o)
 .comment       0x00000043       0x44 C:/ST/STM32CubeCLT_1.15.1/GNU-tools-for-STM32/bin/../lib/gcc/arm-none-eabi/12.3.1/../../../../arm-none-eabi/lib/thumb/v6-m/nofp\libg_nano.a(libc_a-fstatr.o)
 .comment       0x00000043       0x44 C:/ST/STM32CubeCLT_1.15.1/GNU-tools-for-STM32/bin/../lib/gcc/arm-none-eabi/12.3.1/../../../../arm-none-eabi/lib/thumb/v6-m/nofp\libg_nano.a(libc_a-isattyr.o)
 .comment       0x00000043       0x44 C:/ST/STM32CubeCLT_1.15.1/GNU-tools-for-STM32/bin/../lib/gcc/arm-none-eabi/12.3.1/../../../../arm-none-eabi/lib/thumb/v6-m/nofp\libg_nano.a(libc_a-msizer.o)

.debug_frame    0x00000000     0x4994
 .debug_frame   0x00000000      0x138 C:/ST/STM32CubeCLT_1.15.1/GNU-tools-for-STM32/bin/../lib/gcc/arm-none-eabi/12.3.1/../../../../arm-none-eabi/lib/thumb/v6-m/nofp\libc_nano.a(libc_a-findfp.o)
 .debug_frame   0x00000138       0x34 C:/ST/STM32CubeCLT_1.15.1/GNU-tools-for-STM32/bin/../lib/gcc/arm-none-eabi/12.3.1/../../../../arm-none-eabi/lib/thumb/v6-m/nofp\libc_nano.a(libc_a-fwalk.o)
 .debug_frame   0x0000016c       0x90 C:/ST/STM32CubeCLT_1.15.1/GNU-tools-for-STM32/bin/../lib/gcc/arm-none-eabi/12.3.1/../../../../arm-none-eabi/lib/thumb/v6-m/nofp\libc_nano.a(libc_a-stdio.o)
 .debug_frame   0x000001fc       0x20 C:/ST/STM32CubeCLT_1.15.1/GNU-tools-for-STM32/bin/../lib/gcc/arm-none-eabi/12.3.1/../../../../arm-none-eabi/lib/thumb/v6-m/nofp\libc_nano.a(libc_a-memset.o)
 .debug_frame   0x0000021c       0x2c C:/ST/STM32CubeCLT_1.15.1/GNU-tools-for-STM32/bin/../lib/gcc/arm-none-eabi/12.3.1/../../../../arm-none-eabi/lib/thumb/v6-m/nofp\libc_nano.a(libc_a-closer.o)
 .debug_frame   0x00000248       0x2c C:/ST/STM32CubeCLT_1.15.1/GNU-tools-for-STM32/bin/../lib/gcc/arm-none-eabi/12.3.1/../../../../arm-none-eabi/lib/thumb/v6-m/nofp\libc_nano.a(libc_a-reent.o)
 .debug_frame   0x00000274       0x2c C:/ST/STM32CubeCLT_1.15.1/GNU-tools-for-STM32/bin/../lib/gcc/arm-none-eabi/12.3.1/../../../../arm-none-eabi/lib/thumb/v6-m/nofp\libc_nano.a(libc_a-lseekr.o)
 .debug_frame   0x000002a0       0x2c C:/ST/STM32CubeCLT_1.15.1/GNU-tools-for-STM32/bin/../lib/gcc/arm-none-eabi/12.3.1/../../../../arm-none-eabi/lib/thumb/v6-m/nofp\libc_nano.a(libc_a-readr.o)
 .debug_frame   0x000002cc       0x2c C:/ST/STM32CubeCLT_1.15.1/GNU-tools-for-STM32/bin/../lib/gcc/arm-none-eabi/12.3.1/../../../../arm-none-eabi/lib/thumb/v6-m/nofp\libc_nano.a(libc_a-writer.o)
 .debug_frame   0x000002f8       0x2c C:/ST/STM32CubeCLT_1.15.1/GNU-tools-for-STM32/bin/../lib/gcc/arm-none-eabi/12.3.1/../../../../arm-none-eabi/lib/thumb/v6-m/nofp\libc_nano.a(libc_a-init.o)
 .debug_frame   0x00000324       0xb0 C:/ST/STM32CubeCLT_1.15.1/GNU-tools-for-STM32/bin/../lib/gcc/arm-none-eabi/12.3.1/../../../../arm-none-eabi/lib/thumb/v6-m/nofp\libc_nano.a(libc_a-lock.o)
 .debug_frame   0x000003d4       0x2c C:/ST/STM32CubeCLT_1.15.1/GNU-tools-for-STM32/bin/../lib/gcc/arm-none-eabi/12.3.1/../../../../arm-none-eabi/lib/thumb/v6-m/nofp\libc_nano.a(libc_a-freer.o)
 .debug_frame   0x00000400       0x50 C:/ST/STM32CubeCLT_1.15.1/GNU-tools-for-STM32/bin/../lib/gcc/arm-none-eabi/12.3.1/../../../../arm-none-eabi/lib/thumb/v6-m/nofp\libc_nano.a(libc_a-mallocr.o)
 .debug_frame   0x00000450       0x40 C:/ST/STM32CubeCLT_1.15.1/GNU-tools-for-STM32/bin/../lib/gcc/arm-none-eabi/12.3.1/../../../../arm-none-eabi/lib/thumb/v6-m/nofp\libc_nano.a(libc_a-mlock.o)
 .debug_frame   0x00000490       0x68 C:/ST/STM32CubeCLT_1.15.1/GNU-tools-for-STM32/bin/../lib/gcc/arm-none-eabi/12.3.1/../../../../arm-none-eabi/lib/thumb/v6-m/nofp\libc_nano.a(libc_a-fflush.o)
 .debug_frame   0x000004f8       0x2c C:/ST/STM32CubeCLT_1.15.1/GNU-tools-for-STM32/bin/../lib/gcc/arm-none-eabi/12.3.1/../../../../arm-none-eabi/lib/thumb/v6-m/nofp\libc_nano.a(libc_a-sbrkr.o)
 .debug_frame   0x00000524      0x110 CMakeFiles/STM32F071CBT7TR.dir/Core/Src/main.c.obj
 .debug_frame   0x00000634       0x30 CMakeFiles/STM32F071CBT7TR.dir/Core/Src/gpio.c.obj
 .debug_frame   0x00000664       0x70 CMakeFiles/STM32F071CBT7TR.dir/Core/Src/adc.c.obj
 .debug_frame   0x000006d4       0x30 CMakeFiles/STM32F071CBT7TR.dir/Core/Src/dma.c.obj
 .debug_frame   0x00000704       0x6c CMakeFiles/STM32F071CBT7TR.dir/Core/Src/i2c.c.obj
 .debug_frame   0x00000770       0x70 CMakeFiles/STM32F071CBT7TR.dir/Core/Src/tim.c.obj
 .debug_frame   0x000007e0       0xa4 CMakeFiles/STM32F071CBT7TR.dir/Core/Src/usart.c.obj
 .debug_frame   0x00000884      0x160 CMakeFiles/STM32F071CBT7TR.dir/Core/Src/stm32f0xx_it.c.obj
 .debug_frame   0x000009e4       0x30 CMakeFiles/STM32F071CBT7TR.dir/Core/Src/stm32f0xx_hal_msp.c.obj
 .debug_frame   0x00000a14      0x3a0 CMakeFiles/STM32F071CBT7TR.dir/Drivers/STM32F0xx_HAL_Driver/Src/stm32f0xx_hal_adc.c.obj
 .debug_frame   0x00000db4       0x30 CMakeFiles/STM32F071CBT7TR.dir/Drivers/STM32F0xx_HAL_Driver/Src/stm32f0xx_hal_adc_ex.c.obj
 .debug_frame   0x00000de4      0x198 CMakeFiles/STM32F071CBT7TR.dir/Drivers/STM32F0xx_HAL_Driver/Src/stm32f0xx_hal_rcc.c.obj
 .debug_frame   0x00000f7c      0x180 CMakeFiles/STM32F071CBT7TR.dir/Drivers/STM32F0xx_HAL_Driver/Src/stm32f0xx_hal_rcc_ex.c.obj
 .debug_frame   0x000010fc      0x2a4 CMakeFiles/STM32F071CBT7TR.dir/Drivers/STM32F0xx_HAL_Driver/Src/stm32f0xx_hal.c.obj
 .debug_frame   0x000013a0      0xa68 CMakeFiles/STM32F071CBT7TR.dir/Drivers/STM32F0xx_HAL_Driver/Src/stm32f0xx_hal_i2c.c.obj
 .debug_frame   0x00001e08       0xd0 CMakeFiles/STM32F071CBT7TR.dir/Drivers/STM32F0xx_HAL_Driver/Src/stm32f0xx_hal_i2c_ex.c.obj
 .debug_frame   0x00001ed8      0x110 CMakeFiles/STM32F071CBT7TR.dir/Drivers/STM32F0xx_HAL_Driver/Src/stm32f0xx_hal_gpio.c.obj
 .debug_frame   0x00001fe8      0x1d0 CMakeFiles/STM32F071CBT7TR.dir/Drivers/STM32F0xx_HAL_Driver/Src/stm32f0xx_hal_dma.c.obj
 .debug_frame   0x000021b8      0x2a0 CMakeFiles/STM32F071CBT7TR.dir/Drivers/STM32F0xx_HAL_Driver/Src/stm32f0xx_hal_cortex.c.obj
 .debug_frame   0x00002458      0xf00 CMakeFiles/STM32F071CBT7TR.dir/Drivers/STM32F0xx_HAL_Driver/Src/stm32f0xx_hal_tim.c.obj
 .debug_frame   0x00003358      0x550 CMakeFiles/STM32F071CBT7TR.dir/Drivers/STM32F0xx_HAL_Driver/Src/stm32f0xx_hal_tim_ex.c.obj
 .debug_frame   0x000038a8      0x850 CMakeFiles/STM32F071CBT7TR.dir/Drivers/STM32F0xx_HAL_Driver/Src/stm32f0xx_hal_uart.c.obj
 .debug_frame   0x000040f8      0x174 CMakeFiles/STM32F071CBT7TR.dir/Drivers/STM32F0xx_HAL_Driver/Src/stm32f0xx_hal_uart_ex.c.obj
 .debug_frame   0x0000426c       0x4c CMakeFiles/STM32F071CBT7TR.dir/Core/Src/system_stm32f0xx.c.obj
 .debug_frame   0x000042b8       0x30 CMakeFiles/STM32F071CBT7TR.dir/Core/Src/sysmem.c.obj
 .debug_frame   0x000042e8      0x244 CMakeFiles/STM32F071CBT7TR.dir/Core/Src/syscalls.c.obj
 .debug_frame   0x0000452c       0x20 C:/ST/STM32CubeCLT_1.15.1/GNU-tools-for-STM32/bin/../lib/gcc/arm-none-eabi/12.3.1/thumb/v6-m/nofp\libgcc.a(_udivsi3.o)
 .debug_frame   0x0000454c       0x20 C:/ST/STM32CubeCLT_1.15.1/GNU-tools-for-STM32/bin/../lib/gcc/arm-none-eabi/12.3.1/thumb/v6-m/nofp\libgcc.a(_divsi3.o)
 .debug_frame   0x0000456c       0x4c C:/ST/STM32CubeCLT_1.15.1/GNU-tools-for-STM32/bin/../lib/gcc/arm-none-eabi/12.3.1/../../../../arm-none-eabi/lib/thumb/v6-m/nofp\libg_nano.a(libc_a-printf.o)
 .debug_frame   0x000045b8       0x50 C:/ST/STM32CubeCLT_1.15.1/GNU-tools-for-STM32/bin/../lib/gcc/arm-none-eabi/12.3.1/../../../../arm-none-eabi/lib/thumb/v6-m/nofp\libg_nano.a(libc_a-snprintf.o)
 .debug_frame   0x00004608       0x28 C:/ST/STM32CubeCLT_1.15.1/GNU-tools-for-STM32/bin/../lib/gcc/arm-none-eabi/12.3.1/../../../../arm-none-eabi/lib/thumb/v6-m/nofp\libg_nano.a(libc_a-strcat.o)
 .debug_frame   0x00004630       0x20 C:/ST/STM32CubeCLT_1.15.1/GNU-tools-for-STM32/bin/../lib/gcc/arm-none-eabi/12.3.1/../../../../arm-none-eabi/lib/thumb/v6-m/nofp\libg_nano.a(libc_a-errno.o)
 .debug_frame   0x00004650       0x74 C:/ST/STM32CubeCLT_1.15.1/GNU-tools-for-STM32/bin/../lib/gcc/arm-none-eabi/12.3.1/../../../../arm-none-eabi/lib/thumb/v6-m/nofp\libg_nano.a(libc_a-nano-svfprintf.o)
 .debug_frame   0x000046c4       0x9c C:/ST/STM32CubeCLT_1.15.1/GNU-tools-for-STM32/bin/../lib/gcc/arm-none-eabi/12.3.1/../../../../arm-none-eabi/lib/thumb/v6-m/nofp\libg_nano.a(libc_a-nano-vfprintf.o)
 .debug_frame   0x00004760       0x54 C:/ST/STM32CubeCLT_1.15.1/GNU-tools-for-STM32/bin/../lib/gcc/arm-none-eabi/12.3.1/../../../../arm-none-eabi/lib/thumb/v6-m/nofp\libg_nano.a(libc_a-nano-vfprintf_i.o)
 .debug_frame   0x000047b4       0x48 C:/ST/STM32CubeCLT_1.15.1/GNU-tools-for-STM32/bin/../lib/gcc/arm-none-eabi/12.3.1/../../../../arm-none-eabi/lib/thumb/v6-m/nofp\libg_nano.a(libc_a-wbuf.o)
 .debug_frame   0x000047fc       0x2c C:/ST/STM32CubeCLT_1.15.1/GNU-tools-for-STM32/bin/../lib/gcc/arm-none-eabi/12.3.1/../../../../arm-none-eabi/lib/thumb/v6-m/nofp\libg_nano.a(libc_a-wsetup.o)
 .debug_frame   0x00004828       0x28 C:/ST/STM32CubeCLT_1.15.1/GNU-tools-for-STM32/bin/../lib/gcc/arm-none-eabi/12.3.1/../../../../arm-none-eabi/lib/thumb/v6-m/nofp\libg_nano.a(libc_a-memmove.o)
 .debug_frame   0x00004850       0x20 C:/ST/STM32CubeCLT_1.15.1/GNU-tools-for-STM32/bin/../lib/gcc/arm-none-eabi/12.3.1/../../../../arm-none-eabi/lib/thumb/v6-m/nofp\libg_nano.a(libc_a-memchr-stub.o)
 .debug_frame   0x00004870       0x28 C:/ST/STM32CubeCLT_1.15.1/GNU-tools-for-STM32/bin/../lib/gcc/arm-none-eabi/12.3.1/../../../../arm-none-eabi/lib/thumb/v6-m/nofp\libg_nano.a(libc_a-memcpy-stub.o)
 .debug_frame   0x00004898       0x34 C:/ST/STM32CubeCLT_1.15.1/GNU-tools-for-STM32/bin/../lib/gcc/arm-none-eabi/12.3.1/../../../../arm-none-eabi/lib/thumb/v6-m/nofp\libg_nano.a(libc_a-reallocr.o)
 .debug_frame   0x000048cc       0x50 C:/ST/STM32CubeCLT_1.15.1/GNU-tools-for-STM32/bin/../lib/gcc/arm-none-eabi/12.3.1/../../../../arm-none-eabi/lib/thumb/v6-m/nofp\libg_nano.a(libc_a-makebuf.o)
 .debug_frame   0x0000491c       0x2c C:/ST/STM32CubeCLT_1.15.1/GNU-tools-for-STM32/bin/../lib/gcc/arm-none-eabi/12.3.1/../../../../arm-none-eabi/lib/thumb/v6-m/nofp\libg_nano.a(libc_a-fstatr.o)
 .debug_frame   0x00004948       0x2c C:/ST/STM32CubeCLT_1.15.1/GNU-tools-for-STM32/bin/../lib/gcc/arm-none-eabi/12.3.1/../../../../arm-none-eabi/lib/thumb/v6-m/nofp\libg_nano.a(libc_a-isattyr.o)
 .debug_frame   0x00004974       0x20 C:/ST/STM32CubeCLT_1.15.1/GNU-tools-for-STM32/bin/../lib/gcc/arm-none-eabi/12.3.1/../../../../arm-none-eabi/lib/thumb/v6-m/nofp\libg_nano.a(libc_a-msizer.o)

.debug_info     0x00000000    0x1cc08
 .debug_info    0x00000000     0x17a5 CMakeFiles/STM32F071CBT7TR.dir/Core/Src/main.c.obj
 .debug_info    0x000017a5      0x1cf CMakeFiles/STM32F071CBT7TR.dir/Core/Src/gpio.c.obj
 .debug_info    0x00001974      0x8a4 CMakeFiles/STM32F071CBT7TR.dir/Core/Src/adc.c.obj
 .debug_info    0x00002218      0x29d CMakeFiles/STM32F071CBT7TR.dir/Core/Src/dma.c.obj
 .debug_info    0x000024b5      0x8c3 CMakeFiles/STM32F071CBT7TR.dir/Core/Src/i2c.c.obj
 .debug_info    0x00002d78      0x981 CMakeFiles/STM32F071CBT7TR.dir/Core/Src/tim.c.obj
 .debug_info    0x000036f9      0xb94 CMakeFiles/STM32F071CBT7TR.dir/Core/Src/usart.c.obj
 .debug_info    0x0000428d      0xaa4 CMakeFiles/STM32F071CBT7TR.dir/Core/Src/stm32f0xx_it.c.obj
 .debug_info    0x00004d31      0x199 CMakeFiles/STM32F071CBT7TR.dir/Core/Src/stm32f0xx_hal_msp.c.obj
 .debug_info    0x00004eca      0xcb5 CMakeFiles/STM32F071CBT7TR.dir/Drivers/STM32F0xx_HAL_Driver/Src/stm32f0xx_hal_adc.c.obj
 .debug_info    0x00005b7f      0x5b1 CMakeFiles/STM32F071CBT7TR.dir/Drivers/STM32F0xx_HAL_Driver/Src/stm32f0xx_hal_adc_ex.c.obj
 .debug_info    0x00006130      0x85a CMakeFiles/STM32F071CBT7TR.dir/Drivers/STM32F0xx_HAL_Driver/Src/stm32f0xx_hal_rcc.c.obj